                              - Cross-reference -                      Page    1

################################################################################
#                                                                              #
#      IAR Universal Linker V4.53B/WIN                                         #
#                                                                              #
#           Link time     =  26/Sep/2002  16:24:56                             #
#           Target CPU    =  A90                                               #
#           List file     =  C:\AVR_CC\Functions\Debug\List\F_t3.map           #
#           Output file 1 =  C:\AVR_CC\Functions\Debug\Exe\F_t3.d90            #
#                            Format: debug                                     #
#                            UBROF version 8.0.2                               #
#                            Using library modules for C-SPY (-rt)             #
#           Command line  =  C:\AVR_CC\Functions\Debug\Obj\FuncFlashConst.r90  #
#                            C:\AVR_CC\AVR\lib\cl3s-ec-sf.r90 -o               #
#                            C:\AVR_CC\Functions\Debug\Exe\F_t3.d90 -rt -l     #
#                            C:\AVR_CC\Functions\Debug\List\F_t3.map -xms      #
#                            -p80 -IC:\AVR_CC\AVR\LIB\ -f                      #
#                            C:\AVR_CC\AVR\src\template\cfgm161.xcl            #
#                            (-D_..X_INTVEC_SIZE=54 -D_..X_FLASH_NEND=3FFF     #
#                            -D_..X_FLASH_END=3FFF -D_..X_SRAM_BASE=60         #
#                            -D_..X_SRAM_TEND=FF -D_..X_SRAM_END=45F           #
#                            -D_..X_EEPROM_END=1FF) -D_..X_HEAP_SIZE=10        #
#                            -D_..X_CSTACK_SIZE=20 -D_..X_RSTACK_SIZE=20       #
#                            -e_small_write=_formatted_write                   #
#                            -e_medium_read=_formatted_read -f                 #
#                            C:\AVR_CC\AVR\src\template\cfg3s.xcl (-ca90       #
#                            -w29 -Z(CODE)INTVEC=0-(_..X_INTVEC_SIZE-1)        #
#                            -Z(CODE)TINY_F=_..X_FLASH_BASE-FF                 #
#                            -Z(CODE)NEAR_F=_..X_FLASH_BASE-_..X_FLASH_NEND    #
#                            -Z(CODE)SWITCH=_..X_FLASH_BASE-_..X_FLASH_NEND    #
#                            -Z(CODE)INITTAB=_..X_FLASH_BASE-_..X_FLASH_NEND   #
#                            -Z(CODE)DIFUNCT=_..X_FLASH_BASE-_..X_FLASH_NEND   #
#                            -Z(CODE)CODE=_..X_FLASH_BASE-_..X_FLASH_END       #
#                            -Z(CODE)FAR_F=[_..X_FLASH_BASE-_..X_FLASH_END]/10 #
#                            000                                               #
#                            -Z(CODE)HUGE_F=_..X_FLASH_BASE-_..X_FLASH_END     #
#                            -Z(CODE)TINY_ID=_..X_FLASH_BASE-_..X_FLASH_END    #
#                            -Z(CODE)NEAR_ID=_..X_FLASH_BASE-_..X_FLASH_END    #
#                            -Z(CODE)CHECKSUM=_..X_FLASH_BASE-_..X_FLASH_END   #
#                            -Z(DATA)TINY_I,TINY_Z,TINY_N=_..X_SRAM_BASE-_..X_ #
#                            SRAM_TEND                                         #
#                            -Z(DATA)CSTACK+_..X_CSTACK_SIZE=_..X_SRAM_BASE-_. #
#                            .X_SRAM_END,_..X_EXT_CSTACK_BASE-_..X_EXT_CSTACK_ #
#                            END                                               #
#                            -Z(DATA)HEAP+_..X_HEAP_SIZE=_..X_SRAM_BASE-_..X_S #
#                            RAM_END,_..X_EXT_SRAM_BASE-_..X_EXT_SRAM_END      #
#                            -Z(DATA)RSTACK+_..X_RSTACK_SIZE=_..X_SRAM_BASE-_. #
#                            .X_SRAM_END,_..X_EXT_RSTACK_BASE-_..X_EXT_RSTACK_ #
#                            END                                               #
#                            -Z(DATA)NEAR_I,NEAR_Z=_..X_SRAM_BASE-_..X_SRAM_EN #
#                            D,_..X_EXT_SRAM_BASE-_..X_EXT_SRAM_END            #
#                            -Z(DATA)NEAR_C=_..X_EXT_ROM_BASE-_..X_EXT_ROM_END #
#                            -Z(DATA)NEAR_N=_..X_EXT_NV_BASE-_..X_EXT_NV_END   #
#                            -Z(XDATA)EEPROM_I,EEPROM_N=1-_..X_EEPROM_END)     #
#                            -D_..X_FLASH_BASE=_..X_INTVEC_SIZE -H1895         #
#                            -h(CODE)0-(_..X_INTVEC_SIZE-1)                    #
#                            -D_..X_EXT_SRAM_BASE=0 -D_..X_EXT_SRAM_END=0      #
#                            -D_..X_EXT_ROM_BASE=0 -D_..X_EXT_ROM_END=0        #
#                            -D_..X_EXT_NV_BASE=_..X_SRAM_BASE                 #
#                            -D_..X_EXT_NV_END=_..X_SRAM_END                   #
#                            -D_..X_EXT_CSTACK_BASE=_..X_SRAM_BASE             #
#                            -D_..X_EXT_CSTACK_END=_..X_SRAM_BASE              #
#                            -D_..X_EXT_RSTACK_BASE=_..X_SRAM_BASE             #
#                            -D_..X_EXT_RSTACK_END=_..X_SRAM_BASE              #
#                                                                              #
#                        Copyright 1987-2001 IAR Systems. All rights reserved. #
################################################################################

                              - Cross-reference -                      Page    2



                ****************************************
                *                                      *
                *           CROSS REFERENCE            *
                *                                      *
                ****************************************

                  There are no program entries.




                ****************************************
                *                                      *
                *            RUNTIME MODEL             *
                *                                      *
                ****************************************

  __64bit_doubles = disabled
  __cpu           = 3
  __cpu_name      = AT90Mega161
  __enhanced_core = enabled
  __has_elpm      = false
  __memory_model  = 2
  __rt_version    = 2.30



                ****************************************
                *                                      *
                *              MODULE MAP              *
                *                                      *
                ****************************************


  DEFINED ABSOLUTE ENTRIES
  PROGRAM MODULE, NAME : ?ABS_ENTRY_MOD

Absolute parts
           ENTRY                   ADDRESS         REF BY
           =====                   =======         ======
           _..X_EXT_RSTACK_END     00000060 
           _..X_EXT_RSTACK_BASE    00000060 
           _..X_EXT_CSTACK_END     00000060 
           _..X_EXT_CSTACK_BASE    00000060 
           _..X_EXT_NV_END         0000045F 
           _..X_EXT_NV_BASE        00000060 
           _..X_EXT_ROM_END        00000000 
           _..X_EXT_ROM_BASE       00000000 
           _..X_EXT_SRAM_END       00000000 
           _..X_EXT_SRAM_BASE      00000000 
           _..X_FLASH_BASE         00000054 
           _..X_RSTACK_SIZE        00000020 
           _..X_CSTACK_SIZE        00000020 
           _..X_HEAP_SIZE          00000010 
           _..X_EEPROM_END         000001FF 
           _..X_SRAM_END           0000045F 
           _..X_SRAM_TEND          000000FF 
           _..X_SRAM_BASE          00000060 
           _..X_FLASH_END          00003FFF 
           _..X_FLASH_NEND         00003FFF 
           _..X_INTVEC_SIZE        00000054 
    *************************************************************************

  FILE NAME : C:\AVR_CC\Functions\Debug\Obj\FuncFlashConst.r90
  PROGRAM MODULE, NAME : FuncFlashConst

  SEGMENTS IN THE MODULE
  ======================
ABSOLUTE (ABS)
  Relative segment, address: DATA 0000002C - 0000002C (1 bytes), align: 0
           ENTRY                   ADDRESS         REF BY
           =====                   =======         ======
           _A_UDR0                 0000002C 
    -------------------------------------------------------------------------
NEAR_F
  Relative segment, address: CODE 00000054 - 00000072 (1f bytes), align: 0
                              - Cross-reference -                      Page    3

  Segment part 5.             Intra module refs:   main
           ENTRY                   ADDRESS         REF BY
           =====                   =======         ======
           string                  00000054 
    -------------------------------------------------------------------------
CODE
  Relative segment, address: CODE 00000074 - 00000089 (16 bytes), align: 1
           ENTRY                   ADDRESS         REF BY
           =====                   =======         ======
           main                    00000074        ?cstartup_call_main (?C_STARTUP)
               non_banked function

    *************************************************************************

  FILE NAME : C:\AVR_CC\AVR\lib\cl3s-ec-sf.r90
  PROGRAM MODULE, NAME : ?RESET

  SEGMENTS IN THE MODULE
  ======================
INTVEC
  Common segment, address: CODE 00000000 - 00000003 (4 bytes), align: 1
  Segment part 0. ROOT.
    -------------------------------------------------------------------------
  LIBRARY MODULE, NAME : ?C_STARTUP

  SEGMENTS IN THE MODULE
  ======================
CODE
  Relative segment, address: CODE 0000008A, align: 1
           ENTRY                   ADDRESS         REF BY
           =====                   =======         ======
           ?C_STARTUP              0000008A        Segment part 0 (?RESET)
           __RESTART               0000008A 
    -------------------------------------------------------------------------
CODE
  Relative segment, address: CODE 0000008A - 00000099 (10 bytes), align: 1
  Segment part 4.             Intra module refs:   ?C_STARTUP
    -------------------------------------------------------------------------
CODE
  Relative segment, address: CODE 0000009A - 0000009D (4 bytes), align: 1
  Segment part 6.             Intra module refs:   Segment part 4
           ENTRY                   ADDRESS         REF BY
           =====                   =======         ======
           ?call_low_level_init    0000009A 
    -------------------------------------------------------------------------
CODE
  Relative segment, address: CODE 0000009E - 000000AD (10 bytes), align: 1
  Segment part 8.             Intra module refs:   ?call_low_level_init
           ENTRY                   ADDRESS         REF BY
           =====                   =======         ======
           ?cstartup_call_main     0000009E 

    -------------------------------------------------------------------------
  LIBRARY MODULE, NAME : low_level_init

  SEGMENTS IN THE MODULE
  ======================
CODE
  Relative segment, address: CODE 000000AE - 000000B1 (4 bytes), align: 1
           ENTRY                   ADDRESS         REF BY
           =====                   =======         ======
           __low_level_init        000000AE        ?call_low_level_init (?C_STARTUP)
               non_banked function

    -------------------------------------------------------------------------
  LIBRARY MODULE, NAME : ?__exit

  SEGMENTS IN THE MODULE
  ======================
CODE
  Relative segment, address: CODE 000000B2 - 000000B7 (6 bytes), align: 1
           ENTRY                   ADDRESS         REF BY
           =====                   =======         ======
           __exit                  000000B4 
           ?C_EXIT                 000000B4 
           ?C_FUNCALL              000000B2 
           _exit                   000000B2        ?cstartup_call_main (?C_STARTUP)
           exit                    000000B2        ?cstartup_call_main (?C_STARTUP)
                              - Cross-reference -                      Page    4


    *************************************************************************

  DEFINED ABSOLUTE ENTRIES
  PROGRAM MODULE, NAME : ?FILLER_BYTES

  SEGMENTS IN THE MODULE
  ======================
INTVEC
  Common segment, address: CODE 00000000 - 00000003 (4 bytes), align: 0
    -------------------------------------------------------------------------
?FILL1
  Relative segment, address: CODE 00000004 - 00000053 (50 bytes), align: 0
  Segment part 0.



                ****************************************
                *                                      *
                *      SEGMENTS IN ADDRESS ORDER       *
                *                                      *
                ****************************************


SEGMENT              SPACE   START ADDRESS    END ADDRESS      SIZE  TYPE  ALIGN
=======              =====   =============    ===========      ====  ====  =====
INTVEC               CODE         00000000 - 00000003             4   com    1
?FILL1               CODE         00000004 - 00000053            50   rel    0
TINY_F               CODE              00000054                       dse    0
NEAR_F               CODE         00000054 - 00000072            1F   rel    0
DIFUNCT              CODE              00000073                       dse    0
INITTAB              CODE              00000073                       dse    0
FAR_F                CODE              00000073                       dse    0
SWITCH               CODE              00000073                       dse    0
HUGE_F               CODE              00000073                       dse    0
TINY_ID              CODE              00000073                       dse    0
NEAR_ID              CODE              00000073                       dse    0
CHECKSUM             CODE              00000073                       dse    0
CODE                 CODE         00000074 - 000000B7            44   rel    1
NEAR_C               DATA              00000000                       dse    0
ABSOLUTE (ABS)       DATA         0000002C - 0000002C             1   rel    0
TINY_N               DATA              00000060                       dse    0
TINY_I               DATA              00000060                       dse    0
TINY_Z               DATA              00000060                       dse    0
CSTACK               DATA         00000060 - 0000007F            20   dse    0
HEAP                 DATA              00000080                       dse    0
RSTACK               DATA         00000080 - 0000009F            20   dse    0
NEAR_N               DATA              000000A0                       dse    0
NEAR_Z               DATA              000000A0                       dse    0
NEAR_I               DATA              000000A0                       dse    0
EEPROM_N             XDATA             00000001                       dse    0
EEPROM_I             XDATA             00000001                       dse    0

                ****************************************
                *                                      *
                *        END OF CROSS REFERENCE        *
                *                                      *
                ****************************************

  103 bytes of CODE memory (80 range fill)
   65 bytes of DATA memory

Errors: none
Warnings: none

