                              - Cross-reference -                      Page    1

################################################################################
#                                                                              #
#      IAR Universal Linker V4.53B/WIN                                         #
#                                                                              #
#           Link time     =  01/Oct/2002  17:44:11                             #
#           Target CPU    =  A90                                               #
#           List file     =  C:\AVR_CC\KEY_CONTRL\Debug\List\Key_Contr_A2x.map #
#           Output file 1 =  C:\AVR_CC\KEY_CONTRL\Debug\Exe\Key_Contr_A2x.hex  #
#                            Format: intel-standard                            #
#           Command line  =  C:\AVR_CC\MiniRobot_CODE\Debug\Obj\CheckParity7.r #
#                            90                                                #
#                            C:\AVR_CC\MiniRobot_CODE\Debug\Obj\CheckParity8.r #
#                            90                                                #
#                            C:\AVR_CC\MyLib\Debug\Obj\getchar.r90             #
#                            C:\AVR_CC\KEY_CONTRL\Debug\Obj\Key_Contr_A2x.r90  #
#                            C:\AVR_CC\MyLib\Debug\Obj\Putchar.r90             #
#                            C:\AVR_CC\MiniRobot_CODE\Debug\Obj\uart0_A1x.r90  #
#                            C:\AVR_CC\AVR\lib\cl3s-ec-sf.r90 -o               #
#                            C:\AVR_CC\KEY_CONTRL\Debug\Exe\Key_Contr_A2x.hex  #
#                            -Fintel-standard -l                               #
#                            C:\AVR_CC\KEY_CONTRL\Debug\List\Key_Contr_A2x.map #
#                            -xms -p80 -IC:\AVR_CC\AVR\LIB\ -f                 #
#                            C:\AVR_CC\AVR\src\template\cfgm161.xcl            #
#                            (-D_..X_INTVEC_SIZE=54 -D_..X_FLASH_NEND=3FFF     #
#                            -D_..X_FLASH_END=3FFF -D_..X_SRAM_BASE=60         #
#                            -D_..X_SRAM_TEND=FF -D_..X_SRAM_END=45F           #
#                            -D_..X_EEPROM_END=1FF) -D_..X_HEAP_SIZE=10        #
#                            -D_..X_CSTACK_SIZE=50 -D_..X_RSTACK_SIZE=3C       #
#                            -e_small_write=_formatted_write                   #
#                            -e_medium_read=_formatted_read -f                 #
#                            C:\AVR_CC\AVR\src\template\cfg3s.xcl (-ca90       #
#                            -w29 -Z(CODE)INTVEC=0-(_..X_INTVEC_SIZE-1)        #
#                            -Z(CODE)TINY_F=_..X_FLASH_BASE-FF                 #
#                            -Z(CODE)NEAR_F=_..X_FLASH_BASE-_..X_FLASH_NEND    #
#                            -Z(CODE)SWITCH=_..X_FLASH_BASE-_..X_FLASH_NEND    #
#                            -Z(CODE)INITTAB=_..X_FLASH_BASE-_..X_FLASH_NEND   #
#                            -Z(CODE)DIFUNCT=_..X_FLASH_BASE-_..X_FLASH_NEND   #
#                            -Z(CODE)CODE=_..X_FLASH_BASE-_..X_FLASH_END       #
#                            -Z(CODE)FAR_F=[_..X_FLASH_BASE-_..X_FLASH_END]/10 #
#                            000                                               #
#                            -Z(CODE)HUGE_F=_..X_FLASH_BASE-_..X_FLASH_END     #
#                            -Z(CODE)TINY_ID=_..X_FLASH_BASE-_..X_FLASH_END    #
#                            -Z(CODE)NEAR_ID=_..X_FLASH_BASE-_..X_FLASH_END    #
#                            -Z(CODE)CHECKSUM=_..X_FLASH_BASE-_..X_FLASH_END   #
#                            -Z(DATA)TINY_I,TINY_Z,TINY_N=_..X_SRAM_BASE-_..X_ #
#                            SRAM_TEND                                         #
#                            -Z(DATA)CSTACK+_..X_CSTACK_SIZE=_..X_SRAM_BASE-_. #
#                            .X_SRAM_END,_..X_EXT_CSTACK_BASE-_..X_EXT_CSTACK_ #
#                            END                                               #
#                            -Z(DATA)HEAP+_..X_HEAP_SIZE=_..X_SRAM_BASE-_..X_S #
#                            RAM_END,_..X_EXT_SRAM_BASE-_..X_EXT_SRAM_END      #
#                            -Z(DATA)RSTACK+_..X_RSTACK_SIZE=_..X_SRAM_BASE-_. #
#                            .X_SRAM_END,_..X_EXT_RSTACK_BASE-_..X_EXT_RSTACK_ #
#                            END                                               #
#                            -Z(DATA)NEAR_I,NEAR_Z=_..X_SRAM_BASE-_..X_SRAM_EN #
#                            D,_..X_EXT_SRAM_BASE-_..X_EXT_SRAM_END            #
#                            -Z(DATA)NEAR_C=_..X_EXT_ROM_BASE-_..X_EXT_ROM_END #
#                            -Z(DATA)NEAR_N=_..X_EXT_NV_BASE-_..X_EXT_NV_END   #
#                            -Z(XDATA)EEPROM_I,EEPROM_N=1-_..X_EEPROM_END)     #
#                            -D_..X_FLASH_BASE=_..X_INTVEC_SIZE -H1895         #
#                            -h(CODE)0-(_..X_INTVEC_SIZE-1)                    #
#                            -D_..X_EXT_SRAM_BASE=0 -D_..X_EXT_SRAM_END=0      #
#                            -D_..X_EXT_ROM_BASE=0 -D_..X_EXT_ROM_END=0        #
#                            -D_..X_EXT_NV_BASE=_..X_SRAM_BASE                 #
#                            -D_..X_EXT_NV_END=_..X_SRAM_END                   #
#                            -D_..X_EXT_CSTACK_BASE=_..X_SRAM_BASE             #
#                            -D_..X_EXT_CSTACK_END=_..X_SRAM_BASE              #
#                            -D_..X_EXT_RSTACK_BASE=_..X_SRAM_BASE             #
#                            -D_..X_EXT_RSTACK_END=_..X_SRAM_BASE              #
#                                                                              #
#                        Copyright 1987-2001 IAR Systems. All rights reserved. #
################################################################################

                              - Cross-reference -                      Page    2



                ****************************************
                *                                      *
                *           CROSS REFERENCE            *
                *                                      *
                ****************************************

                  There are no program entries.




                ****************************************
                *                                      *
                *            RUNTIME MODEL             *
                *                                      *
                ****************************************

  R10             = REG
  R11             = REG
  R12             = REG
  R13             = REG
  R14             = REG
  R15             = REG
  R4              = REG
  R5              = REG
  R6              = REG
  R7              = REG
  R8              = REG
  R9              = REG
  __64bit_doubles = disabled
  __cpu           = 3
  __cpu_name      = AT90Mega161
  __enhanced_core = enabled
  __has_elpm      = false
  __memory_model  = 2
  __rt_version    = 2.30



                ****************************************
                *                                      *
                *              MODULE MAP              *
                *                                      *
                ****************************************


  DEFINED ABSOLUTE ENTRIES
  PROGRAM MODULE, NAME : ?ABS_ENTRY_MOD

Absolute parts
           ENTRY                   ADDRESS         REF BY
           =====                   =======         ======
           _..X_EXT_RSTACK_END     00000060 
           _..X_EXT_RSTACK_BASE    00000060 
           _..X_EXT_CSTACK_END     00000060 
           _..X_EXT_CSTACK_BASE    00000060 
           _..X_EXT_NV_END         0000045F 
           _..X_EXT_NV_BASE        00000060 
           _..X_EXT_ROM_END        00000000 
           _..X_EXT_ROM_BASE       00000000 
           _..X_EXT_SRAM_END       00000000 
           _..X_EXT_SRAM_BASE      00000000 
           _..X_FLASH_BASE         00000054 
           _..X_RSTACK_SIZE        0000003C 
           _..X_CSTACK_SIZE        00000050 
           _..X_HEAP_SIZE          00000010 
           _..X_EEPROM_END         000001FF 
           _..X_SRAM_END           0000045F 
           _..X_SRAM_TEND          000000FF 
           _..X_SRAM_BASE          00000060 
           _..X_FLASH_END          00003FFF 
           _..X_FLASH_NEND         00003FFF 
           _..X_INTVEC_SIZE        00000054 
    *************************************************************************

  FILE NAME : C:\AVR_CC\MiniRobot_CODE\Debug\Obj\CheckParity7.r90
                              - Cross-reference -                      Page    3

  PROGRAM MODULE, NAME : CheckParity7

  SEGMENTS IN THE MODULE
  ======================
CODE
  Relative segment, address: CODE 0000017A - 0000018F (16 bytes), align: 1
           ENTRY                   ADDRESS         REF BY
           =====                   =======         ======
           CheckParity7            0000017A        UART0_RX (uart0_A1x)
                                                   UART0_UDRE (uart0_A1x)
           LOCAL                   ADDRESS         
           =====                   =======         
           loop1_7                 00000180 
           loop2_7                 00000186 

    *************************************************************************

  FILE NAME : C:\AVR_CC\MiniRobot_CODE\Debug\Obj\CheckParity8.r90
  PROGRAM MODULE, NAME : CheckParity8

  SEGMENTS IN THE MODULE
  ======================
CODE
  Relative segment, address: CODE 00000190 - 000001A5 (16 bytes), align: 1
           ENTRY                   ADDRESS         REF BY
           =====                   =======         ======
           CheckParity8            00000190        UART0_RX (uart0_A1x)
                                                   UART0_UDRE (uart0_A1x)
           LOCAL                   ADDRESS         
           =====                   =======         
           loop1_8                 00000196 
           loop2_8                 0000019C 

    *************************************************************************

  FILE NAME : C:\AVR_CC\MyLib\Debug\Obj\getchar.r90
  LIBRARY MODULE, NAME : getchar

  SEGMENTS IN THE MODULE
  ======================
CODE
  Relative segment, address: CODE 000001A6 - 000001A9 (4 bytes), align: 1
  Segment part 13.            Intra module refs:   getchar_K
           ENTRY                   ADDRESS         REF BY
           =====                   =======         ======
           _low_level_get          000001A6 
               non_banked function
               calls direct
               stack 1 = 00000000 ( 00000002 )
    -------------------------------------------------------------------------
CODE
  Relative segment, address: CODE 000001AA - 000001C7 (1e bytes), align: 1
  Segment part 14.            Intra module refs:   getchar_K
           LOCAL                   ADDRESS         
           =====                   =======         
           put_message             000001AA 
               non_banked function
               calls direct
               stack 1 = 00000000 ( 00000002 )
               stack 2 = 00000000 ( 00000002 )
    -------------------------------------------------------------------------
CODE
  Relative segment, address: CODE 000001C8 - 000002B7 (f0 bytes), align: 1
           ENTRY                   ADDRESS         REF BY
           =====                   =======         ======
           getchar_K               000001C8        main (Key_Contr_A2x)
               non_banked function
               calls direct
               stack 1 = 00000000 ( 00000002 )
               stack 2 = 00000000 ( 00000002 )
    -------------------------------------------------------------------------
NEAR_Z
  Relative segment, address: DATA 00000129 - 00000152 (2a bytes), align: 0
  Segment part 10.            Intra module refs:   getchar_K
           LOCAL                   ADDRESS         
           =====                   =======         
           getchar_K::io_buffer    00000129 
    -------------------------------------------------------------------------
                              - Cross-reference -                      Page    4

NEAR_Z
  Relative segment, address: DATA 00000153 - 00000154 (2 bytes), align: 0
  Segment part 12.            Intra module refs:   getchar_K
           LOCAL                   ADDRESS         
           =====                   =======         
           getchar_K::ptr          00000153 
    -------------------------------------------------------------------------
NEAR_I
  Relative segment, address: DATA 000000EC - 000000EE (3 bytes), align: 0
  Segment part 3.             Intra module refs:   getchar_K
    -------------------------------------------------------------------------
NEAR_ID
  Relative segment, address: CODE 00002224 - 00002226 (3 bytes), align: 0
  Segment part 4.             Intra module refs:   Segment part 3
    -------------------------------------------------------------------------
NEAR_I
  Relative segment, address: DATA 000000EF - 000000F2 (4 bytes), align: 0
  Segment part 6.             Intra module refs:   getchar_K
    -------------------------------------------------------------------------
NEAR_ID
  Relative segment, address: CODE 00002227 - 0000222A (4 bytes), align: 0
  Segment part 7.             Intra module refs:   Segment part 6
    -------------------------------------------------------------------------
NEAR_I
  Relative segment, address: DATA 000000F3 - 000000F6 (4 bytes), align: 0
  Segment part 8.             Intra module refs:   getchar_K
    -------------------------------------------------------------------------
NEAR_ID
  Relative segment, address: CODE 0000222B - 0000222E (4 bytes), align: 0
  Segment part 9.             Intra module refs:   Segment part 8

    *************************************************************************

  FILE NAME : C:\AVR_CC\KEY_CONTRL\Debug\Obj\Key_Contr_A2x.r90
  PROGRAM MODULE, NAME : Key_Contr_A2x

  SEGMENTS IN THE MODULE
  ======================
ABSOLUTE (ABS)
  Relative segment, address: DATA 0000002D - 0000002D (1 bytes), align: 0
           ENTRY                   ADDRESS         REF BY
           =====                   =======         ======
           _A_SPCR                 0000002D 
    -------------------------------------------------------------------------
ABSOLUTE (ABS)
  Relative segment, address: DATA 0000002E - 0000002E (1 bytes), align: 0
           ENTRY                   ADDRESS         REF BY
           =====                   =======         ======
           _A_SPSR                 0000002E 
    -------------------------------------------------------------------------
ABSOLUTE (ABS)
  Relative segment, address: DATA 0000002F - 0000002F (1 bytes), align: 0
           ENTRY                   ADDRESS         REF BY
           =====                   =======         ======
           _A_SPDR                 0000002F 
    -------------------------------------------------------------------------
ABSOLUTE (ABS)
  Relative segment, address: DATA 00000033 - 00000033 (1 bytes), align: 0
           ENTRY                   ADDRESS         REF BY
           =====                   =======         ======
           _A_PINC                 00000033 
    -------------------------------------------------------------------------
ABSOLUTE (ABS)
  Relative segment, address: DATA 00000034 - 00000034 (1 bytes), align: 0
           ENTRY                   ADDRESS         REF BY
           =====                   =======         ======
           _A_DDRC                 00000034 
    -------------------------------------------------------------------------
ABSOLUTE (ABS)
  Relative segment, address: DATA 00000035 - 00000035 (1 bytes), align: 0
           ENTRY                   ADDRESS         REF BY
           =====                   =======         ======
           _A_PORTC                00000035 
    -------------------------------------------------------------------------
ABSOLUTE (ABS)
  Relative segment, address: DATA 00000037 - 00000037 (1 bytes), align: 0
           ENTRY                   ADDRESS         REF BY
           =====                   =======         ======
                              - Cross-reference -                      Page    5

           _A_DDRB                 00000037 
    -------------------------------------------------------------------------
ABSOLUTE (ABS)
  Relative segment, address: DATA 00000038 - 00000038 (1 bytes), align: 0
           ENTRY                   ADDRESS         REF BY
           =====                   =======         ======
           _A_PORTB                00000038 
    -------------------------------------------------------------------------
ABSOLUTE (ABS)
  Relative segment, address: DATA 0000003A - 0000003A (1 bytes), align: 0
           ENTRY                   ADDRESS         REF BY
           =====                   =======         ======
           _A_DDRA                 0000003A 
    -------------------------------------------------------------------------
ABSOLUTE (ABS)
  Relative segment, address: DATA 0000003B - 0000003B (1 bytes), align: 0
           ENTRY                   ADDRESS         REF BY
           =====                   =======         ======
           _A_PORTA                0000003B 
    -------------------------------------------------------------------------
ABSOLUTE (ABS)
  Relative segment, address: DATA 00000050 - 00000050 (1 bytes), align: 0
           ENTRY                   ADDRESS         REF BY
           =====                   =======         ======
           _A_SFIOR                00000050 
    -------------------------------------------------------------------------
ABSOLUTE (ABS)
  Relative segment, address: DATA 00000052 - 00000052 (1 bytes), align: 0
           ENTRY                   ADDRESS         REF BY
           =====                   =======         ======
           _A_TCNT0                00000052 
    -------------------------------------------------------------------------
ABSOLUTE (ABS)
  Relative segment, address: DATA 00000053 - 00000053 (1 bytes), align: 0
           ENTRY                   ADDRESS         REF BY
           =====                   =======         ======
           _A_TCCR0                00000053 
    -------------------------------------------------------------------------
ABSOLUTE (ABS)
  Relative segment, address: DATA 00000059 - 00000059 (1 bytes), align: 0
           ENTRY                   ADDRESS         REF BY
           =====                   =======         ======
           _A_TIMSK                00000059 
    -------------------------------------------------------------------------
NEAR_Z
  Relative segment, address: DATA 00000155 - 00000155 (1 bytes), align: 0
  Segment part 26.            Intra module refs:   Overflow_Timer0
                                                   Reset_KEY_CONTR
           LOCAL                   ADDRESS         
           =====                   =======         
           A21_y                   00000155 
    -------------------------------------------------------------------------
NEAR_Z
  Relative segment, address: DATA 00000156 - 00000156 (1 bytes), align: 0
  Segment part 28.            Intra module refs:   Overflow_Timer0
                                                   Reset_KEY_CONTR
           LOCAL                   ADDRESS         
           =====                   =======         
           c_y1                    00000156 
    -------------------------------------------------------------------------
NEAR_Z
  Relative segment, address: DATA 00000157 - 0000015E (8 bytes), align: 0
  Segment part 29.            Intra module refs:   Cal_Key_Contr
                                                   Reset_KEY_CONTR
           LOCAL                   ADDRESS         
           =====                   =======         
           SCN0                    00000157 
    -------------------------------------------------------------------------
NEAR_Z
  Relative segment, address: DATA 0000015F - 0000015F (1 bytes), align: 0
  Segment part 30.            Intra module refs:   Cal_Key_Contr
                                                   Reset_KEY_CONTR
           LOCAL                   ADDRESS         
           =====                   =======         
           Head_SCN0               0000015F 
    -------------------------------------------------------------------------
NEAR_Z
  Relative segment, address: DATA 00000160 - 00000167 (8 bytes), align: 0
                              - Cross-reference -                      Page    6

  Segment part 31.            Intra module refs:   Cal_Key_Contr
                                                   Reset_KEY_CONTR
           LOCAL                   ADDRESS         
           =====                   =======         
           SCN1                    00000160 
    -------------------------------------------------------------------------
NEAR_Z
  Relative segment, address: DATA 00000168 - 00000168 (1 bytes), align: 0
  Segment part 32.            Intra module refs:   Cal_Key_Contr
                                                   Reset_KEY_CONTR
           LOCAL                   ADDRESS         
           =====                   =======         
           Head_SCN1               00000168 
    -------------------------------------------------------------------------
NEAR_Z
  Relative segment, address: DATA 00000169 - 00000170 (8 bytes), align: 0
  Segment part 33.            Intra module refs:   Cal_Key_Contr
                                                   Reset_KEY_CONTR
           LOCAL                   ADDRESS         
           =====                   =======         
           SCN2                    00000169 
    -------------------------------------------------------------------------
NEAR_Z
  Relative segment, address: DATA 00000171 - 00000171 (1 bytes), align: 0
  Segment part 34.            Intra module refs:   Cal_Key_Contr
                                                   Reset_KEY_CONTR
           LOCAL                   ADDRESS         
           =====                   =======         
           Head_SCN2               00000171 
    -------------------------------------------------------------------------
NEAR_Z
  Relative segment, address: DATA 00000172 - 00000179 (8 bytes), align: 0
  Segment part 35.            Intra module refs:   Cal_Key_Contr
                                                   Reset_KEY_CONTR
           LOCAL                   ADDRESS         
           =====                   =======         
           SCN3                    00000172 
    -------------------------------------------------------------------------
NEAR_Z
  Relative segment, address: DATA 0000017A - 0000017A (1 bytes), align: 0
  Segment part 36.            Intra module refs:   Cal_Key_Contr
                                                   Reset_KEY_CONTR
           LOCAL                   ADDRESS         
           =====                   =======         
           Head_SCN3               0000017A 
    -------------------------------------------------------------------------
NEAR_Z
  Relative segment, address: DATA 0000017B - 0000017B (1 bytes), align: 0
  Segment part 37.            Intra module refs:   Cal_Key_Contr
                                                   Reset_KEY_CONTR
           LOCAL                   ADDRESS         
           =====                   =======         
           SUM_SCN0                0000017B 
    -------------------------------------------------------------------------
NEAR_Z
  Relative segment, address: DATA 0000017C - 0000017C (1 bytes), align: 0
  Segment part 38.            Intra module refs:   Cal_Key_Contr
                                                   Reset_KEY_CONTR
           LOCAL                   ADDRESS         
           =====                   =======         
           SUM_SCN1                0000017C 
    -------------------------------------------------------------------------
NEAR_Z
  Relative segment, address: DATA 0000017D - 0000017D (1 bytes), align: 0
  Segment part 39.            Intra module refs:   Cal_Key_Contr
                                                   Reset_KEY_CONTR
           LOCAL                   ADDRESS         
           =====                   =======         
           SUM_SCN2                0000017D 
    -------------------------------------------------------------------------
NEAR_Z
  Relative segment, address: DATA 0000017E - 0000017E (1 bytes), align: 0
  Segment part 40.            Intra module refs:   Cal_Key_Contr
                                                   Reset_KEY_CONTR
           LOCAL                   ADDRESS         
           =====                   =======         
           SUM_SCN3                0000017E 
    -------------------------------------------------------------------------
                              - Cross-reference -                      Page    7

NEAR_Z
  Relative segment, address: DATA 0000017F - 0000017F (1 bytes), align: 0
  Segment part 41.            Intra module refs:   Cal_Key_Contr
                                                   Reset_KEY_CONTR
           LOCAL                   ADDRESS         
           =====                   =======         
           SUM_SCN4                0000017F 
    -------------------------------------------------------------------------
NEAR_Z
  Relative segment, address: DATA 00000180 - 00000180 (1 bytes), align: 0
  Segment part 42.            Intra module refs:   Cal_Key_Contr
                                                   Reset_KEY_CONTR
           LOCAL                   ADDRESS         
           =====                   =======         
           SUM_SCN5                00000180 
    -------------------------------------------------------------------------
NEAR_Z
  Relative segment, address: DATA 00000181 - 00000181 (1 bytes), align: 0
  Segment part 43.            Intra module refs:   Cal_Key_Contr
                                                   Reset_KEY_CONTR
           LOCAL                   ADDRESS         
           =====                   =======         
           SUM_SCN6                00000181 
    -------------------------------------------------------------------------
NEAR_Z
  Relative segment, address: DATA 00000182 - 00000182 (1 bytes), align: 0
  Segment part 44.            Intra module refs:   Cal_Key_Contr
                                                   Reset_KEY_CONTR
           LOCAL                   ADDRESS         
           =====                   =======         
           SUM_SCN7                00000182 
    -------------------------------------------------------------------------
NEAR_Z
  Relative segment, address: DATA 00000183 - 00000183 (1 bytes), align: 0
  Segment part 45.            Intra module refs:   Cal_Key_Contr
                                                   Reset_KEY_CONTR
           LOCAL                   ADDRESS         
           =====                   =======         
           SUM_SCN8                00000183 
    -------------------------------------------------------------------------
NEAR_Z
  Relative segment, address: DATA 00000184 - 00000184 (1 bytes), align: 0
  Segment part 46.            Intra module refs:   Cal_Key_Contr
                                                   Reset_KEY_CONTR
           LOCAL                   ADDRESS         
           =====                   =======         
           SUM_SCN9                00000184 
    -------------------------------------------------------------------------
NEAR_Z
  Relative segment, address: DATA 00000185 - 00000185 (1 bytes), align: 0
  Segment part 47.            Intra module refs:   Cal_Key_Contr
                                                   Reset_KEY_CONTR
           LOCAL                   ADDRESS         
           =====                   =======         
           SUM_SCN10               00000185 
    -------------------------------------------------------------------------
NEAR_Z
  Relative segment, address: DATA 00000186 - 00000186 (1 bytes), align: 0
  Segment part 48.            Intra module refs:   Cal_Key_Contr
                                                   Reset_KEY_CONTR
           LOCAL                   ADDRESS         
           =====                   =======         
           SUM_SCN11               00000186 
    -------------------------------------------------------------------------
NEAR_Z
  Relative segment, address: DATA 00000187 - 00000187 (1 bytes), align: 0
  Segment part 49.            Intra module refs:   Cal_Key_Contr
                                                   Reset_KEY_CONTR
           LOCAL                   ADDRESS         
           =====                   =======         
           SUM_SCN12               00000187 
    -------------------------------------------------------------------------
NEAR_Z
  Relative segment, address: DATA 00000188 - 00000188 (1 bytes), align: 0
  Segment part 50.            Intra module refs:   Cal_Key_Contr
                                                   Reset_KEY_CONTR
           LOCAL                   ADDRESS         
           =====                   =======         
                              - Cross-reference -                      Page    8

           SUM_SCN13               00000188 
    -------------------------------------------------------------------------
NEAR_Z
  Relative segment, address: DATA 00000189 - 00000189 (1 bytes), align: 0
  Segment part 51.            Intra module refs:   Cal_Key_Contr
                                                   Reset_KEY_CONTR
           LOCAL                   ADDRESS         
           =====                   =======         
           SUM_SCN14               00000189 
    -------------------------------------------------------------------------
NEAR_Z
  Relative segment, address: DATA 0000018A - 0000018A (1 bytes), align: 0
  Segment part 52.            Intra module refs:   Cal_Key_Contr
                                                   Reset_KEY_CONTR
           LOCAL                   ADDRESS         
           =====                   =======         
           SUM_SCN15               0000018A 
    -------------------------------------------------------------------------
NEAR_Z
  Relative segment, address: DATA 0000018B - 0000018B (1 bytes), align: 0
  Segment part 53.            Intra module refs:   Cal_Key_Contr
                                                   Key_Event_00
                                                   Key_Event_01
                                                   Key_Event_10
                                                   Key_Event_11
                                                   Reset_KEY_CONTR
           LOCAL                   ADDRESS         
           =====                   =======         
           NEW_SCN0                0000018B 
    -------------------------------------------------------------------------
NEAR_Z
  Relative segment, address: DATA 0000018C - 0000018C (1 bytes), align: 0
  Segment part 54.            Intra module refs:   Cal_Key_Contr
                                                   Key_Event_00
                                                   Key_Event_01
                                                   Key_Event_10
                                                   Key_Event_11
                                                   Reset_KEY_CONTR
           LOCAL                   ADDRESS         
           =====                   =======         
           NEW_SCN1                0000018C 
    -------------------------------------------------------------------------
NEAR_Z
  Relative segment, address: DATA 0000018D - 0000018D (1 bytes), align: 0
  Segment part 55.            Intra module refs:   Cal_Key_Contr
                                                   Key_Event_00
                                                   Key_Event_01
                                                   Key_Event_10
                                                   Key_Event_11
                                                   Reset_KEY_CONTR
           LOCAL                   ADDRESS         
           =====                   =======         
           NEW_SCN2                0000018D 
    -------------------------------------------------------------------------
NEAR_Z
  Relative segment, address: DATA 0000018E - 0000018E (1 bytes), align: 0
  Segment part 56.            Intra module refs:   Cal_Key_Contr
                                                   Key_Event_00
                                                   Key_Event_01
                                                   Key_Event_10
                                                   Key_Event_11
                                                   Reset_KEY_CONTR
           LOCAL                   ADDRESS         
           =====                   =======         
           NEW_SCN3                0000018E 
    -------------------------------------------------------------------------
NEAR_Z
  Relative segment, address: DATA 0000018F - 00000192 (4 bytes), align: 0
  Segment part 57.            Intra module refs:   Key_Event_00
           LOCAL                   ADDRESS         
           =====                   =======         
           EVEN_M00                0000018F 
    -------------------------------------------------------------------------
NEAR_Z
  Relative segment, address: DATA 00000193 - 00000196 (4 bytes), align: 0
  Segment part 58.            Intra module refs:   Key_Event_01
           LOCAL                   ADDRESS         
           =====                   =======         
                              - Cross-reference -                      Page    9

           EVEN_M01                00000193 
    -------------------------------------------------------------------------
NEAR_Z
  Relative segment, address: DATA 00000197 - 0000019A (4 bytes), align: 0
  Segment part 59.            Intra module refs:   Key_Event_10
           LOCAL                   ADDRESS         
           =====                   =======         
           EVEN_M10                00000197 
    -------------------------------------------------------------------------
NEAR_Z
  Relative segment, address: DATA 0000019B - 0000019E (4 bytes), align: 0
  Segment part 60.            Intra module refs:   Key_Event_11
           LOCAL                   ADDRESS         
           =====                   =======         
           EVEN_M11                0000019B 
    -------------------------------------------------------------------------
NEAR_Z
  Relative segment, address: DATA 0000019F - 0000019F (1 bytes), align: 0
  Segment part 61.            Intra module refs:   Overflow_Timer0
           LOCAL                   ADDRESS         
           =====                   =======         
           EVEN_M00_SUM            0000019F 
    -------------------------------------------------------------------------
NEAR_Z
  Relative segment, address: DATA 000001A0 - 000001A0 (1 bytes), align: 0
  Segment part 62.            Intra module refs:   Overflow_Timer0
           LOCAL                   ADDRESS         
           =====                   =======         
           EVEN_M01_SUM            000001A0 
    -------------------------------------------------------------------------
NEAR_Z
  Relative segment, address: DATA 000001A1 - 000001A1 (1 bytes), align: 0
  Segment part 63.            Intra module refs:   Overflow_Timer0
           LOCAL                   ADDRESS         
           =====                   =======         
           EVEN_M10_SUM            000001A1 
    -------------------------------------------------------------------------
NEAR_Z
  Relative segment, address: DATA 000001A2 - 000001A2 (1 bytes), align: 0
  Segment part 64.            Intra module refs:   Overflow_Timer0
           LOCAL                   ADDRESS         
           =====                   =======         
           EVEN_M11_SUM            000001A2 
    -------------------------------------------------------------------------
NEAR_Z
  Relative segment, address: DATA 000001A3 - 000001A3 (1 bytes), align: 0
  Segment part 65.            Intra module refs:   Cal_Key_Contr
                                                   Key_Event_00
                                                   Key_Event_01
                                                   Key_Event_10
                                                   Key_Event_11
                                                   Reset_KEY_CONTR
           LOCAL                   ADDRESS         
           =====                   =======         
           OLD_SCN0                000001A3 
    -------------------------------------------------------------------------
NEAR_Z
  Relative segment, address: DATA 000001A4 - 000001A4 (1 bytes), align: 0
  Segment part 66.            Intra module refs:   Cal_Key_Contr
                                                   Key_Event_00
                                                   Key_Event_01
                                                   Key_Event_10
                                                   Key_Event_11
                                                   Reset_KEY_CONTR
           LOCAL                   ADDRESS         
           =====                   =======         
           OLD_SCN1                000001A4 
    -------------------------------------------------------------------------
NEAR_Z
  Relative segment, address: DATA 000001A5 - 000001A5 (1 bytes), align: 0
  Segment part 67.            Intra module refs:   Cal_Key_Contr
                                                   Key_Event_00
                                                   Key_Event_01
                                                   Key_Event_10
                                                   Key_Event_11
                                                   Reset_KEY_CONTR
           LOCAL                   ADDRESS         
           =====                   =======         
                              - Cross-reference -                      Page   10

           OLD_SCN2                000001A5 
    -------------------------------------------------------------------------
NEAR_Z
  Relative segment, address: DATA 000001A6 - 000001A6 (1 bytes), align: 0
  Segment part 68.            Intra module refs:   Cal_Key_Contr
                                                   Key_Event_00
                                                   Key_Event_01
                                                   Key_Event_10
                                                   Key_Event_11
                                                   Reset_KEY_CONTR
           LOCAL                   ADDRESS         
           =====                   =======         
           OLD_SCN3                000001A6 
    -------------------------------------------------------------------------
NEAR_Z
  Relative segment, address: DATA 000001A7 - 000001AA (4 bytes), align: 0
  Segment part 69.            Intra module refs:   Key_Event_00
                                                   Reset_KEY_CONTR
           LOCAL                   ADDRESS         
           =====                   =======         
           M00                     000001A7 
    -------------------------------------------------------------------------
NEAR_Z
  Relative segment, address: DATA 000001AB - 000001AE (4 bytes), align: 0
  Segment part 70.            Intra module refs:   Key_Event_01
                                                   Reset_KEY_CONTR
           LOCAL                   ADDRESS         
           =====                   =======         
           M01                     000001AB 
    -------------------------------------------------------------------------
NEAR_Z
  Relative segment, address: DATA 000001AF - 000001B2 (4 bytes), align: 0
  Segment part 71.            Intra module refs:   Key_Event_10
                                                   Reset_KEY_CONTR
           LOCAL                   ADDRESS         
           =====                   =======         
           M10                     000001AF 
    -------------------------------------------------------------------------
NEAR_Z
  Relative segment, address: DATA 000001B3 - 000001B6 (4 bytes), align: 0
  Segment part 72.            Intra module refs:   Key_Event_11
                                                   Reset_KEY_CONTR
           LOCAL                   ADDRESS         
           =====                   =======         
           M11                     000001B3 
    -------------------------------------------------------------------------
NEAR_Z
  Relative segment, address: DATA 000001B7 - 000001B7 (1 bytes), align: 0
  Segment part 73.            Intra module refs:   Overflow_Timer0
                                                   Start_Timer0
           LOCAL                   ADDRESS         
           =====                   =======         
           mTC_0                   000001B7 
    -------------------------------------------------------------------------
NEAR_Z
  Relative segment, address: DATA 000001B8 - 000001B8 (1 bytes), align: 0
  Segment part 74.            Intra module refs:   Overflow_Timer0
                                                   SPI_STC
           LOCAL                   ADDRESS         
           =====                   =======         
           cTest                   000001B8 
    -------------------------------------------------------------------------
NEAR_Z
  Relative segment, address: DATA 000001B9 - 000001B9 (1 bytes), align: 0
  Segment part 75.            Intra module refs:   Reset_DISP_CONTR
           LOCAL                   ADDRESS         
           =====                   =======         
           A22_y                   000001B9 
    -------------------------------------------------------------------------
NEAR_Z
  Relative segment, address: DATA 000001BA - 000001C9 (10 bytes), align: 0
  Segment part 76.            Intra module refs:   Reset_DISP_CONTR
                                                   Wr_Sym_Disp
           LOCAL                   ADDRESS         
           =====                   =======         
           DS                      000001BA 
    -------------------------------------------------------------------------
                              - Cross-reference -                      Page   11

NEAR_Z
  Relative segment, address: DATA 000001CA - 000001D9 (10 bytes), align: 0
  Segment part 77.            Intra module refs:   Reset_DISP_CONTR
                                                   Wr_Sym_Disp
           LOCAL                   ADDRESS         
           =====                   =======         
           DAN                     000001CA 
    -------------------------------------------------------------------------
NEAR_Z
  Relative segment, address: DATA 000001DA - 000001E9 (10 bytes), align: 0
  Segment part 78.            Intra module refs:   Reset_DISP_CONTR
                                                   Wr_Sym_Disp
           LOCAL                   ADDRESS         
           =====                   =======         
           DST                     000001DA 
    -------------------------------------------------------------------------
NEAR_Z
  Relative segment, address: DATA 000001EA - 000001EB (2 bytes), align: 0
  Segment part 79.            Intra module refs:   Overflow_Timer0
                                                   Reset_DISP_CONTR
                                                   Wr_Sym_Disp
           LOCAL                   ADDRESS         
           =====                   =======         
           COUNT_TIME              000001EA 
    -------------------------------------------------------------------------
NEAR_Z
  Relative segment, address: DATA 000001EC - 000001EC (1 bytes), align: 0
  Segment part 80.            Intra module refs:   Overflow_Timer0
                                                   Reset_DISP_CONTR
                                                   Wr_Sym_Disp
           LOCAL                   ADDRESS         
           =====                   =======         
           DISP_POS                000001EC 
    -------------------------------------------------------------------------
NEAR_F
  Relative segment, address: CODE 00000054 - 000000D3 (80 bytes), align: 0
  Segment part 81.            Intra module refs:   Wr_Sym_Disp
           ENTRY                   ADDRESS         REF BY
           =====                   =======         ======
           CodeASCII               00000054 
    -------------------------------------------------------------------------
NEAR_Z
  Relative segment, address: DATA 000001ED - 00000214 (28 bytes), align: 0
  Segment part 82.            Intra module refs:   main
           LOCAL                   ADDRESS         
           =====                   =======         
           BUF_CMD                 000001ED 
    -------------------------------------------------------------------------
NEAR_Z
  Relative segment, address: DATA 00000215 - 00000215 (1 bytes), align: 0
  Segment part 83.            Intra module refs:   main
           LOCAL                   ADDRESS         
           =====                   =======         
           Head_CMD                00000215 
    -------------------------------------------------------------------------
CODE
  Relative segment, address: CODE 000002B8 - 00000331 (7a bytes), align: 1
  Segment part 85.            Intra module refs:   main
           ENTRY                   ADDRESS         REF BY
           =====                   =======         ======
           Reset_DISP_CONTR        000002B8 
               non_banked function
               stack 1 = 00000000 ( 00000000 )
               stack 2 = 00000000 ( 00000003 )
    -------------------------------------------------------------------------
CODE
  Relative segment, address: CODE 00000332 - 00000453 (122 bytes), align: 1
  Segment part 86.            Intra module refs:   Overflow_Timer0
           ENTRY                   ADDRESS         REF BY
           =====                   =======         ======
           Wr_Sym_Disp             00000332 
               non_banked function
               stack 1 = 00000000 ( 00000002 )
               stack 2 = 00000000 ( 00000001 )
    -------------------------------------------------------------------------
CODE
  Relative segment, address: CODE 00000454 - 000005CB (178 bytes), align: 1
  Segment part 87.            Intra module refs:   main
                              - Cross-reference -                      Page   12

           ENTRY                   ADDRESS         REF BY
           =====                   =======         ======
           Reset_KEY_CONTR         00000454 
               non_banked function
               stack 1 = 00000000 ( 00000000 )
               stack 2 = 00000000 ( 00000003 )
    -------------------------------------------------------------------------
CODE
  Relative segment, address: CODE 000005CC - 000005E5 (1a bytes), align: 1
  Segment part 88.            Intra module refs:   main
           ENTRY                   ADDRESS         REF BY
           =====                   =======         ======
           Start_Timer0            000005CC 
               non_banked function
    -------------------------------------------------------------------------
CODE
  Relative segment, address: CODE 000005E6 - 000005F3 (e bytes), align: 1
  Segment part 89.            Intra module refs:   Init_Timer0
           ENTRY                   ADDRESS         REF BY
           =====                   =======         ======
           Stop_Timer0             000005E6 
               non_banked function
    -------------------------------------------------------------------------
CODE
  Relative segment, address: CODE 000005F4 - 00000621 (2e bytes), align: 1
  Segment part 90.            Intra module refs:   main
           ENTRY                   ADDRESS         REF BY
           =====                   =======         ======
           Init_Timer0             000005F4 
               non_banked function
               calls direct
               stack 1 = 00000000 ( 00000002 )
    -------------------------------------------------------------------------
CODE
  Relative segment, address: CODE 00000622 - 00000BEF (5ce bytes), align: 1
  Segment part 91.            Intra module refs:   Overflow_Timer0
           ENTRY                   ADDRESS         REF BY
           =====                   =======         ======
           Cal_Key_Contr           00000622 
               non_banked function
               stack 1 = 00000000 ( 00000002 )
               stack 2 = 00000000 ( 00000001 )
    -------------------------------------------------------------------------
CODE
  Relative segment, address: CODE 00000BF0 - 00000CB3 (c4 bytes), align: 1
  Segment part 92.            Intra module refs:   Overflow_Timer0
           ENTRY                   ADDRESS         REF BY
           =====                   =======         ======
           Key_Event_00            00000BF0 
               non_banked function
    -------------------------------------------------------------------------
CODE
  Relative segment, address: CODE 00000CB4 - 00000D6D (ba bytes), align: 1
  Segment part 93.            Intra module refs:   Overflow_Timer0
           ENTRY                   ADDRESS         REF BY
           =====                   =======         ======
           Key_Event_01            00000CB4 
               non_banked function
    -------------------------------------------------------------------------
CODE
  Relative segment, address: CODE 00000D6E - 00000E27 (ba bytes), align: 1
  Segment part 94.            Intra module refs:   Overflow_Timer0
           ENTRY                   ADDRESS         REF BY
           =====                   =======         ======
           Key_Event_10            00000D6E 
               non_banked function
    -------------------------------------------------------------------------
CODE
  Relative segment, address: CODE 00000E28 - 00000ED9 (b2 bytes), align: 1
  Segment part 95.            Intra module refs:   Overflow_Timer0
           ENTRY                   ADDRESS         REF BY
           =====                   =======         ======
           Key_Event_11            00000E28 
               non_banked function
    -------------------------------------------------------------------------
CODE
  Relative segment, address: CODE 00000EDA - 00000FE1 (108 bytes), align: 1
  Segment part 96.            Intra module refs:   Segment part 15
                              - Cross-reference -                      Page   13

           LOCAL                   ADDRESS         
           =====                   =======         
           Overflow_Timer0         00000EDA 
               interrupt, non_banked function
               calls direct
               stack 1 = 00000000 ( 00000002 )
               stack 2 = 00000000 ( 00000010 )
    -------------------------------------------------------------------------
CODE
  Relative segment, address: CODE 00000FE2 - 00001005 (24 bytes), align: 1
  Segment part 98.            Intra module refs:   Segment part 16
           LOCAL                   ADDRESS         
           =====                   =======         
           SPI_STC                 00000FE2 
               interrupt, non_banked function
               stack 1 = 00000000 ( 00000000 )
               stack 2 = 00000000 ( 00000004 )
    -------------------------------------------------------------------------
CODE
  Relative segment, address: CODE 00001006 - 0000119B (196 bytes), align: 1
           ENTRY                   ADDRESS         REF BY
           =====                   =======         ======
           main                    00001006        ?cstartup_call_main (?C_STARTUP)
               non_banked function
               calls direct
               stack 1 = 00000000 ( 00000002 )
               stack 2 = 00000000 ( 0000000F )
    -------------------------------------------------------------------------
NEAR_Z
  Relative segment, address: DATA 00000216 - 00000216 (1 bytes), align: 0
  Segment part 84.            Intra module refs:   main
           LOCAL                   ADDRESS         
           =====                   =======         
           main::c_y1              00000216 
    -------------------------------------------------------------------------
INTVEC
  Common segment, address: CODE 00000000 - 0000002F (30 bytes), align: 1
    -------------------------------------------------------------------------
INTVEC
  Common segment, address: CODE 00000000 - 00000033 (34 bytes), align: 1
    -------------------------------------------------------------------------
NEAR_I
  Relative segment, address: DATA 000000F7 - 000000F8 (2 bytes), align: 0
  Segment part 19.            Intra module refs:   main
    -------------------------------------------------------------------------
NEAR_ID
  Relative segment, address: CODE 0000222F - 00002230 (2 bytes), align: 0
  Segment part 20.            Intra module refs:   Segment part 19
    -------------------------------------------------------------------------
INITTAB
  Relative segment, address: CODE 0000016D - 00000172 (6 bytes), align: 0
  Segment part 21.            Intra module refs:   A2x_y (uart0_A1x)
                                                   Segment part 19
                                                   Segment part 22
                                                   Segment part 24
                                                   Segment part 3 (getchar)
                                                   Segment part 6 (getchar)
                                                   Segment part 8 (getchar)
           ENTRY                   ADDRESS         REF BY
           =====                   =======         ======
           ?<Segment init: NEAR_I>
                                   0000016D 
    -------------------------------------------------------------------------
NEAR_I
  Relative segment, address: DATA 000000F9 - 000000FB (3 bytes), align: 0
  Segment part 22.            Intra module refs:   main
    -------------------------------------------------------------------------
NEAR_ID
  Relative segment, address: CODE 00002231 - 00002233 (3 bytes), align: 0
  Segment part 23.            Intra module refs:   Segment part 22
    -------------------------------------------------------------------------
NEAR_I
  Relative segment, address: DATA 000000FC - 00000127 (2c bytes), align: 0
  Segment part 24.            Intra module refs:   main
    -------------------------------------------------------------------------
NEAR_ID
  Relative segment, address: CODE 00002234 - 0000225F (2c bytes), align: 0
  Segment part 25.            Intra module refs:   Segment part 24
                              - Cross-reference -                      Page   14

    -------------------------------------------------------------------------
INITTAB
  Relative segment, address: CODE 00000173 - 00000178 (6 bytes), align: 0
  Segment part 27.            Intra module refs:   A1x_y (uart0_A1x)
                                                   A21_y
                                                   A22_y
                                                   BUF_CMD
                                                   Bit_CTS0 (uart0_A1x)
                                                   Bit_DSR0 (uart0_A1x)
                                                   Bit_DTR0 (uart0_A1x)
                                                   Bit_RTS0 (uart0_A1x)
                                                   COUNT_TIME
                                                   CheckParity_UART0 (uart0_A1x)
                                                   ContrStream_UART0 (uart0_A1x)
                                                   Count_Rx_Err_UART0 (uart0_A1x)
                                                   Count_Rx_UART0 (uart0_A1x)
                                                   Count_Tx_Err_UART0 (uart0_A1x)
                                                   Count_Tx_UART0 (uart0_A1x)
                                                   Count_XOFF_Rx_UART0 (uart0_A1x)
                                                   Count_XOFF_Tx_UART0 (uart0_A1x)
                                                   DAN
                                                   DISP_POS
                                                   DS
                                                   DST
                                                   EVEN_M00
                                                   EVEN_M00_SUM
                                                   EVEN_M01
                                                   EVEN_M01_SUM
                                                   EVEN_M10
                                                   EVEN_M10_SUM
                                                   EVEN_M11
                                                   EVEN_M11_SUM
                                                   Enb_CTS0 (uart0_A1x)
                                                   Enb_DSR0 (uart0_A1x)
                                                   Enb_DTR0 (uart0_A1x)
                                                   Enb_Echo_UART0 (uart0_A1x)
                                                   Enb_Err_UART0 (uart0_A1x)
                                                   Enb_RTS0 (uart0_A1x)
                                                   Enb_XON_XOFF_Rx_UART0 (uart0_A1x)
                                                   Enb_XON_XOFF_Tx_UART0 (uart0_A1x)
                                                   Head_CMD
                                                   Head_SCN0
                                                   Head_SCN1
                                                   Head_SCN2
                                                   Head_SCN3
                                                   M00
                                                   M01
                                                   M10
                                                   M11
                                                   ModeCHR90 (uart0_A1x)
                                                   ModeMPCM0 (uart0_A1x)
                                                   ModeU2X0 (uart0_A1x)
                                                   NEW_SCN0
                                                   NEW_SCN1
                                                   NEW_SCN2
                                                   NEW_SCN3
                                                   OLD_SCN0
                                                   OLD_SCN1
                                                   OLD_SCN2
                                                   OLD_SCN3
                                                   RxBuf_UART0 (uart0_A1x)
                                                   RxHead_UART0 (uart0_A1x)
                                                   RxTail_UART0 (uart0_A1x)
                                                   Rx_Tx_Err_UART0 (uart0_A1x)
                                                   SCN0
                                                   SCN1
                                                   SCN2
                                                   SCN3
                                                   SUM_SCN0
                                                   SUM_SCN1
                                                   SUM_SCN10
                                                   SUM_SCN11
                                                   SUM_SCN12
                                                   SUM_SCN13
                                                   SUM_SCN14
                                                   SUM_SCN15
                                                   SUM_SCN2
                                                   SUM_SCN3
                              - Cross-reference -                      Page   15

                                                   SUM_SCN4
                                                   SUM_SCN5
                                                   SUM_SCN6
                                                   SUM_SCN7
                                                   SUM_SCN8
                                                   SUM_SCN9
                                                   SizeBit_UART0 (uart0_A1x)
                                                   SpeedBaud_UART0 (uart0_A1x)
                                                   Sym_XOFF (uart0_A1x)
                                                   Sym_XON (uart0_A1x)
                                                   TxBuf_UART0 (uart0_A1x)
                                                   TxHead_UART0 (uart0_A1x)
                                                   TxTail_UART0 (uart0_A1x)
                                                   cTest
                                                   c_y1
                                                   getchar_K::io_buffer (getchar)
                                                   getchar_K::ptr (getchar)
                                                   mTC_0
                                                   main::c_y1
           ENTRY                   ADDRESS         REF BY
           =====                   =======         ======
           ?<Segment init: NEAR_Z>
                                   00000173 

    *************************************************************************

  FILE NAME : C:\AVR_CC\MyLib\Debug\Obj\Putchar.r90
  LIBRARY MODULE, NAME : Putchar

  SEGMENTS IN THE MODULE
  ======================
CODE
  Relative segment, address: CODE 0000119C - 000011AD (12 bytes), align: 1
           ENTRY                   ADDRESS         REF BY
           =====                   =======         ======
           putchar                 0000119C        put_message (getchar)
                                                   put_one_char (?printf)
               non_banked function
               calls direct
               stack 1 = 00000000 ( 00000002 )
               stack 2 = 00000000 ( 00000002 )

    *************************************************************************

  FILE NAME : C:\AVR_CC\MiniRobot_CODE\Debug\Obj\uart0_A1x.r90
  LIBRARY MODULE, NAME : uart0_A1x

  SEGMENTS IN THE MODULE
  ======================
ABSOLUTE (ABS)
  Relative segment, address: DATA 00000029 - 00000029 (1 bytes), align: 0
           ENTRY                   ADDRESS         REF BY
           =====                   =======         ======
           _A_UBRR0                00000029 
    -------------------------------------------------------------------------
ABSOLUTE (ABS)
  Relative segment, address: DATA 0000002A - 0000002A (1 bytes), align: 0
           ENTRY                   ADDRESS         REF BY
           =====                   =======         ======
           _A_UCSR0B               0000002A 
    -------------------------------------------------------------------------
ABSOLUTE (ABS)
  Relative segment, address: DATA 0000002B - 0000002B (1 bytes), align: 0
           ENTRY                   ADDRESS         REF BY
           =====                   =======         ======
           _A_UCSR0A               0000002B 
    -------------------------------------------------------------------------
ABSOLUTE (ABS)
  Relative segment, address: DATA 0000002C - 0000002C (1 bytes), align: 0
           ENTRY                   ADDRESS         REF BY
           =====                   =======         ======
           _A_UDR0                 0000002C 
    -------------------------------------------------------------------------
ABSOLUTE (ABS)
  Relative segment, address: DATA 00000030 - 00000030 (1 bytes), align: 0
           ENTRY                   ADDRESS         REF BY
           =====                   =======         ======
           _A_PIND                 00000030 
                              - Cross-reference -                      Page   16

    -------------------------------------------------------------------------
ABSOLUTE (ABS)
  Relative segment, address: DATA 00000031 - 00000031 (1 bytes), align: 0
           ENTRY                   ADDRESS         REF BY
           =====                   =======         ======
           _A_DDRD                 00000031 
    -------------------------------------------------------------------------
ABSOLUTE (ABS)
  Relative segment, address: DATA 00000032 - 00000032 (1 bytes), align: 0
           ENTRY                   ADDRESS         REF BY
           =====                   =======         ======
           _A_PORTD                00000032 
    -------------------------------------------------------------------------
NEAR_F
  Relative segment, address: CODE 000000D4 - 000000D5 (2 bytes), align: 0
  Segment part 28.            Intra module refs:   CopySetsROM_UART0
           ENTRY                   ADDRESS         REF BY
           =====                   =======         ======
           fSpeedBaud_UART0        000000D4 
    -------------------------------------------------------------------------
NEAR_F
  Relative segment, address: CODE 000000D6 - 000000D6 (1 bytes), align: 0
  Segment part 29.            Intra module refs:   CopySetsROM_UART0
           ENTRY                   ADDRESS         REF BY
           =====                   =======         ======
           fModeU2X0               000000D6 
    -------------------------------------------------------------------------
NEAR_F
  Relative segment, address: CODE 000000D7 - 000000D7 (1 bytes), align: 0
  Segment part 30.            Intra module refs:   CopySetsROM_UART0
           ENTRY                   ADDRESS         REF BY
           =====                   =======         ======
           fModeCHR90              000000D7 
    -------------------------------------------------------------------------
NEAR_F
  Relative segment, address: CODE 000000D8 - 000000D8 (1 bytes), align: 0
  Segment part 31.            Intra module refs:   CopySetsROM_UART0
           ENTRY                   ADDRESS         REF BY
           =====                   =======         ======
           fCheckParity_UART0      000000D8 
    -------------------------------------------------------------------------
NEAR_F
  Relative segment, address: CODE 000000D9 - 000000D9 (1 bytes), align: 0
  Segment part 32.            Intra module refs:   CopySetsROM_UART0
           ENTRY                   ADDRESS         REF BY
           =====                   =======         ======
           fSizeBit_UART0          000000D9 
    -------------------------------------------------------------------------
NEAR_F
  Relative segment, address: CODE 000000DA - 000000DA (1 bytes), align: 0
  Segment part 33.            Intra module refs:   CopySetsROM_UART0
           ENTRY                   ADDRESS         REF BY
           =====                   =======         ======
           fContrStream_UART0      000000DA 
    -------------------------------------------------------------------------
NEAR_F
  Relative segment, address: CODE 000000DB - 000000DB (1 bytes), align: 0
  Segment part 34.            Intra module refs:   CopySetsROM_UART0
           ENTRY                   ADDRESS         REF BY
           =====                   =======         ======
           fEnb_DTR0               000000DB 
    -------------------------------------------------------------------------
NEAR_F
  Relative segment, address: CODE 000000DC - 000000DC (1 bytes), align: 0
  Segment part 35.            Intra module refs:   CopySetsROM_UART0
           ENTRY                   ADDRESS         REF BY
           =====                   =======         ======
           fBit_DTR0               000000DC 
    -------------------------------------------------------------------------
NEAR_F
  Relative segment, address: CODE 000000DD - 000000DD (1 bytes), align: 0
  Segment part 36.            Intra module refs:   CopySetsROM_UART0
           ENTRY                   ADDRESS         REF BY
           =====                   =======         ======
           fEnb_DSR0               000000DD 
    -------------------------------------------------------------------------
NEAR_F
  Relative segment, address: CODE 000000DE - 000000DE (1 bytes), align: 0
                              - Cross-reference -                      Page   17

  Segment part 37.            Intra module refs:   CopySetsROM_UART0
           ENTRY                   ADDRESS         REF BY
           =====                   =======         ======
           fBit_DSR0               000000DE 
    -------------------------------------------------------------------------
NEAR_F
  Relative segment, address: CODE 000000DF - 000000DF (1 bytes), align: 0
  Segment part 38.            Intra module refs:   CopySetsROM_UART0
           ENTRY                   ADDRESS         REF BY
           =====                   =======         ======
           fEnb_RTS0               000000DF 
    -------------------------------------------------------------------------
NEAR_F
  Relative segment, address: CODE 000000E0 - 000000E0 (1 bytes), align: 0
  Segment part 39.            Intra module refs:   CopySetsROM_UART0
           ENTRY                   ADDRESS         REF BY
           =====                   =======         ======
           fBit_RTS0               000000E0 
    -------------------------------------------------------------------------
NEAR_F
  Relative segment, address: CODE 000000E1 - 000000E1 (1 bytes), align: 0
  Segment part 40.            Intra module refs:   CopySetsROM_UART0
           ENTRY                   ADDRESS         REF BY
           =====                   =======         ======
           fEnb_CTS0               000000E1 
    -------------------------------------------------------------------------
NEAR_F
  Relative segment, address: CODE 000000E2 - 000000E2 (1 bytes), align: 0
  Segment part 41.            Intra module refs:   CopySetsROM_UART0
           ENTRY                   ADDRESS         REF BY
           =====                   =======         ======
           fBit_CTS0               000000E2 
    -------------------------------------------------------------------------
NEAR_F
  Relative segment, address: CODE 000000E3 - 000000E3 (1 bytes), align: 0
  Segment part 42.            Intra module refs:   CopySetsROM_UART0
           ENTRY                   ADDRESS         REF BY
           =====                   =======         ======
           fSym_XON                000000E3 
    -------------------------------------------------------------------------
NEAR_F
  Relative segment, address: CODE 000000E4 - 000000E4 (1 bytes), align: 0
  Segment part 43.            Intra module refs:   CopySetsROM_UART0
           ENTRY                   ADDRESS         REF BY
           =====                   =======         ======
           fSym_XOFF               000000E4 
    -------------------------------------------------------------------------
NEAR_F
  Relative segment, address: CODE 000000E5 - 000000E5 (1 bytes), align: 0
  Segment part 44.            Intra module refs:   CopySetsROM_UART0
           ENTRY                   ADDRESS         REF BY
           =====                   =======         ======
           fEnb_XON_XOFF_Tx_UART0
                                   000000E5 
    -------------------------------------------------------------------------
NEAR_F
  Relative segment, address: CODE 000000E6 - 000000E6 (1 bytes), align: 0
  Segment part 45.            Intra module refs:   CopySetsROM_UART0
           ENTRY                   ADDRESS         REF BY
           =====                   =======         ======
           fCount_XOFF_Tx_UART0    000000E6 
    -------------------------------------------------------------------------
NEAR_F
  Relative segment, address: CODE 000000E7 - 000000E7 (1 bytes), align: 0
  Segment part 46.            Intra module refs:   CopySetsROM_UART0
           ENTRY                   ADDRESS         REF BY
           =====                   =======         ======
           fEnb_XON_XOFF_Rx_UART0
                                   000000E7 
    -------------------------------------------------------------------------
NEAR_F
  Relative segment, address: CODE 000000E8 - 000000E8 (1 bytes), align: 0
  Segment part 47.            Intra module refs:   CopySetsROM_UART0
           ENTRY                   ADDRESS         REF BY
           =====                   =======         ======
           fCount_XOFF_Rx_UART0    000000E8 
    -------------------------------------------------------------------------
                              - Cross-reference -                      Page   18

NEAR_F
  Relative segment, address: CODE 000000E9 - 000000E9 (1 bytes), align: 0
  Segment part 48.            Intra module refs:   CopySetsROM_UART0
           ENTRY                   ADDRESS         REF BY
           =====                   =======         ======
           fEnb_Echo_UART0         000000E9 
    -------------------------------------------------------------------------
NEAR_F
  Relative segment, address: CODE 000000EA - 000000EA (1 bytes), align: 0
  Segment part 49.            Intra module refs:   CopySetsROM_UART0
           ENTRY                   ADDRESS         REF BY
           =====                   =======         ======
           fModeMPCM0              000000EA 
    -------------------------------------------------------------------------
NEAR_F
  Relative segment, address: CODE 000000EB - 000000EB (1 bytes), align: 0
  Segment part 50.            Intra module refs:   CopySetsROM_UART0
           ENTRY                   ADDRESS         REF BY
           =====                   =======         ======
           fEnb_Err_UART0          000000EB 
    -------------------------------------------------------------------------
NEAR_Z
  Relative segment, address: DATA 00000217 - 00000217 (1 bytes), align: 0
  Segment part 51.            Intra module refs:   Reset_UART0
           LOCAL                   ADDRESS         
           =====                   =======         
           A1x_y                   00000217 
    -------------------------------------------------------------------------
NEAR_Z
  Relative segment, address: DATA 00000218 - 00000219 (2 bytes), align: 0
  Segment part 55.            Intra module refs:   CopySetsROM_UART0
                                                   Init_2S_UART0
                                                   Init_S_UART0
                                                   Reset_UART0
           LOCAL                   ADDRESS         
           =====                   =======         
           SpeedBaud_UART0         00000218 
    -------------------------------------------------------------------------
NEAR_Z
  Relative segment, address: DATA 0000021A - 0000021A (1 bytes), align: 0
  Segment part 56.            Intra module refs:   CopySetsROM_UART0
                                                   Reset_UART0
           LOCAL                   ADDRESS         
           =====                   =======         
           ModeU2X0                0000021A 
    -------------------------------------------------------------------------
NEAR_Z
  Relative segment, address: DATA 0000021B - 0000021B (1 bytes), align: 0
  Segment part 57.            Intra module refs:   CopySetsROM_UART0
                                                   Init_CHR9_UART0
                                                   Reset_UART0
           LOCAL                   ADDRESS         
           =====                   =======         
           ModeCHR90               0000021B 
    -------------------------------------------------------------------------
NEAR_Z
  Relative segment, address: DATA 0000021C - 0000021C (1 bytes), align: 0
  Segment part 58.            Intra module refs:   CopySetsROM_UART0
                                                   Init_P_UART0
                                                   Reset_UART0
                                                   UART0_RX
                                                   UART0_UDRE
           LOCAL                   ADDRESS         
           =====                   =======         
           CheckParity_UART0       0000021C 
    -------------------------------------------------------------------------
NEAR_Z
  Relative segment, address: DATA 0000021D - 0000021D (1 bytes), align: 0
  Segment part 59.            Intra module refs:   CopySetsROM_UART0
                                                   Init_B_UART0
                                                   Init_P_UART0
                                                   Reset_UART0
                                                   UART0_RX
                                                   UART0_UDRE
           LOCAL                   ADDRESS         
           =====                   =======         
           SizeBit_UART0           0000021D 
    -------------------------------------------------------------------------
                              - Cross-reference -                      Page   19

NEAR_Z
  Relative segment, address: DATA 0000021E - 0000021E (1 bytes), align: 0
  Segment part 60.            Intra module refs:   ControlStream_OFF_UART0
                                                   CopySetsROM_UART0
                                                   Reset_UART0
                                                   UART0_RX
                                                   UART0_UDRE
           LOCAL                   ADDRESS         
           =====                   =======         
           ContrStream_UART0       0000021E 
    -------------------------------------------------------------------------
NEAR_Z
[...]
           =====                   =======         ======
           ?EPILOGUE_B10_L09       00001F84 
    -------------------------------------------------------------------------
                              - Cross-reference -                      Page   31

CODE
  Relative segment, address: CODE 00001F86 - 00001F87 (2 bytes), align: 1
  Segment part 7.             Intra module refs:   ?EPILOGUE_B10_L09
           ENTRY                   ADDRESS         REF BY
           =====                   =======         ======
           ?EPILOGUE_B9_L09        00001F86 
    -------------------------------------------------------------------------
CODE
  Relative segment, address: CODE 00001F88 - 00001F89 (2 bytes), align: 1
  Segment part 8.             Intra module refs:   ?EPILOGUE_B9_L09
           ENTRY                   ADDRESS         REF BY
           =====                   =======         ======
           ?EPILOGUE_B8_L09        00001F88 
    -------------------------------------------------------------------------
CODE
  Relative segment, address: CODE 00001F8A - 00001F8B (2 bytes), align: 1
  Segment part 9.             Intra module refs:   ?EPILOGUE_B8_L09
           ENTRY                   ADDRESS         REF BY
           =====                   =======         ======
           ?EPILOGUE_B7_L09        00001F8A 
    -------------------------------------------------------------------------
CODE
  Relative segment, address: CODE 00001F8C - 00001F8D (2 bytes), align: 1
  Segment part 10.            Intra module refs:   ?EPILOGUE_B7_L09
           ENTRY                   ADDRESS         REF BY
           =====                   =======         ======
           ?EPILOGUE_B6_L09        00001F8C 
    -------------------------------------------------------------------------
CODE
  Relative segment, address: CODE 00001F8E - 00001F8F (2 bytes), align: 1
  Segment part 11.            Intra module refs:   ?EPILOGUE_B6_L09
           ENTRY                   ADDRESS         REF BY
           =====                   =======         ======
           ?EPILOGUE_B5_L09        00001F8E 
    -------------------------------------------------------------------------
CODE
  Relative segment, address: CODE 00001F90 - 00001F91 (2 bytes), align: 1
  Segment part 12.            Intra module refs:   ?EPILOGUE_B5_L09
           ENTRY                   ADDRESS         REF BY
           =====                   =======         ======
           ?EPILOGUE_B4_L09        00001F90        Enable_Err_Count_UART0 (uart0_A1x)
    -------------------------------------------------------------------------
CODE
  Relative segment, address: CODE 00001F92 - 00001F93 (2 bytes), align: 1
  Segment part 13.            Intra module refs:   ?EPILOGUE_B4_L09
           ENTRY                   ADDRESS         REF BY
           =====                   =======         ======
           ?EPILOGUE_B3_L09        00001F92        Init_S_UART0 (uart0_A1x)
    -------------------------------------------------------------------------
CODE
  Relative segment, address: CODE 00001F94 - 00001F95 (2 bytes), align: 1
  Segment part 14.            Intra module refs:   ?EPILOGUE_B3_L09
           ENTRY                   ADDRESS         REF BY
           =====                   =======         ======
           ?EPILOGUE_B2_L09        00001F94 
    -------------------------------------------------------------------------
CODE
  Relative segment, address: CODE 00001F96 - 00001F97 (2 bytes), align: 1
  Segment part 15.            Intra module refs:   ?EPILOGUE_B2_L09
           ENTRY                   ADDRESS         REF BY
           =====                   =======         ======
           ?EPILOGUE_B1_L09        00001F96 
    -------------------------------------------------------------------------
CODE
  Relative segment, address: CODE 00001F98 - 00001FA5 (e bytes), align: 1
  Segment part 16.            Intra module refs:   ?EPILOGUE_B1_L09
           ENTRY                   ADDRESS         REF BY
           =====                   =======         ======
           ?EPILOGUE_B0_L09        00001F98 

    -------------------------------------------------------------------------
  LIBRARY MODULE, NAME : ?REGISTER_CGREGR4_L10

  SEGMENTS IN THE MODULE
  ======================
CODE
  Relative segment, address: CODE 00001FA6, align: 1
           ENTRY                   ADDRESS         REF BY
                              - Cross-reference -                      Page   32

           =====                   =======         ======
           ?Register_R4_is_cg_reg
                                   00001FA6        _small_write (?_small_write)

    -------------------------------------------------------------------------
  LIBRARY MODULE, NAME : ?REGISTER_CGREGR5_L10

  SEGMENTS IN THE MODULE
  ======================
CODE
  Relative segment, address: CODE 00001FA6, align: 1
           ENTRY                   ADDRESS         REF BY
           =====                   =======         ======
           ?Register_R5_is_cg_reg
                                   00001FA6        _small_write (?_small_write)

    -------------------------------------------------------------------------
  LIBRARY MODULE, NAME : ?REGISTER_CGREGR6_L10

  SEGMENTS IN THE MODULE
  ======================
CODE
  Relative segment, address: CODE 00001FA6, align: 1
           ENTRY                   ADDRESS         REF BY
           =====                   =======         ======
           ?Register_R6_is_cg_reg
                                   00001FA6        _small_write (?_small_write)

    -------------------------------------------------------------------------
  LIBRARY MODULE, NAME : ?REGISTER_CGREGR7_L10

  SEGMENTS IN THE MODULE
  ======================
CODE
  Relative segment, address: CODE 00001FA6, align: 1
           ENTRY                   ADDRESS         REF BY
           =====                   =======         ======
           ?Register_R7_is_cg_reg
                                   00001FA6        _small_write (?_small_write)

    -------------------------------------------------------------------------
  LIBRARY MODULE, NAME : ?REGISTER_CGREGR8_L10

  SEGMENTS IN THE MODULE
  ======================
CODE
  Relative segment, address: CODE 00001FA6, align: 1
           ENTRY                   ADDRESS         REF BY
           =====                   =======         ======
           ?Register_R8_is_cg_reg
                                   00001FA6        _small_write (?_small_write)

    -------------------------------------------------------------------------
  LIBRARY MODULE, NAME : ?REGISTER_CGREGR9_L10

  SEGMENTS IN THE MODULE
  ======================
CODE
  Relative segment, address: CODE 00001FA6, align: 1
           ENTRY                   ADDRESS         REF BY
           =====                   =======         ======
           ?Register_R9_is_cg_reg
                                   00001FA6        _small_write (?_small_write)

    -------------------------------------------------------------------------
  LIBRARY MODULE, NAME : ?REGISTER_CGREGR10_L10

  SEGMENTS IN THE MODULE
  ======================
CODE
  Relative segment, address: CODE 00001FA6, align: 1
           ENTRY                   ADDRESS         REF BY
           =====                   =======         ======
           ?Register_R10_is_cg_reg
                                   00001FA6        _small_write (?_small_write)

    -------------------------------------------------------------------------
  LIBRARY MODULE, NAME : ?REGISTER_CGREGR11_L10
                              - Cross-reference -                      Page   33


  SEGMENTS IN THE MODULE
  ======================
CODE
  Relative segment, address: CODE 00001FA6, align: 1
           ENTRY                   ADDRESS         REF BY
           =====                   =======         ======
           ?Register_R11_is_cg_reg
                                   00001FA6        _small_write (?_small_write)

    -------------------------------------------------------------------------
  LIBRARY MODULE, NAME : ?REGISTER_CGREGR12_L10

  SEGMENTS IN THE MODULE
  ======================
CODE
  Relative segment, address: CODE 00001FA6, align: 1
           ENTRY                   ADDRESS         REF BY
           =====                   =======         ======
           ?Register_R12_is_cg_reg
                                   00001FA6        _small_write (?_small_write)

    -------------------------------------------------------------------------
  LIBRARY MODULE, NAME : ?REGISTER_CGREGR13_L10

  SEGMENTS IN THE MODULE
  ======================
CODE
  Relative segment, address: CODE 00001FA6, align: 1
           ENTRY                   ADDRESS         REF BY
           =====                   =======         ======
           ?Register_R13_is_cg_reg
                                   00001FA6        _small_write (?_small_write)

    -------------------------------------------------------------------------
  LIBRARY MODULE, NAME : ?REGISTER_CGREGR14_L10

  SEGMENTS IN THE MODULE
  ======================
CODE
  Relative segment, address: CODE 00001FA6, align: 1
           ENTRY                   ADDRESS         REF BY
           =====                   =======         ======
           ?Register_R14_is_cg_reg
                                   00001FA6        _small_write (?_small_write)

    -------------------------------------------------------------------------
  LIBRARY MODULE, NAME : ?REGISTER_CGREGR15_L10

  SEGMENTS IN THE MODULE
  ======================
CODE
  Relative segment, address: CODE 00001FA6, align: 1
           ENTRY                   ADDRESS         REF BY
           =====                   =======         ======
           ?Register_R15_is_cg_reg
                                   00001FA6        _small_write (?_small_write)

    -------------------------------------------------------------------------
  LIBRARY MODULE, NAME : low_level_init

  SEGMENTS IN THE MODULE
  ======================
CODE
  Relative segment, address: CODE 00001FA6 - 00001FA9 (4 bytes), align: 1
           ENTRY                   ADDRESS         REF BY
           =====                   =======         ======
           __low_level_init        00001FA6        ?call_low_level_init (?C_STARTUP)
               non_banked function

    -------------------------------------------------------------------------
  LIBRARY MODULE, NAME : ?printf

  SEGMENTS IN THE MODULE
  ======================
CODE
  Relative segment, address: CODE 00001FAA - 00001FAF (6 bytes), align: 1
  Segment part 3.             Intra module refs:   printf
                              - Cross-reference -                      Page   34

           LOCAL                   ADDRESS         
           =====                   =======         
           put_one_char            00001FAA 
               non_banked function
               calls direct
               stack 1 = 00000000 ( 00000002 )
    -------------------------------------------------------------------------
CODE
  Relative segment, address: CODE 00001FB0 - 00001FCD (1e bytes), align: 1
           ENTRY                   ADDRESS         REF BY
           =====                   =======         ======
           printf                  00001FB0        main (Key_Contr_A2x)
               non_banked function
               calls direct
               stack 1 = 00000000 ( 00000002 )
               stack 2 = 00000000 ( 00000002 )

    -------------------------------------------------------------------------
  LIBRARY MODULE, NAME : ?segment_init

  SEGMENTS IN THE MODULE
  ======================
CODE
  Relative segment, address: CODE 00001FCE - 00001FD9 (c bytes), align: 1
  Segment part 8.             Intra module refs:   __segment_init
           ENTRY                   ADDRESS         REF BY
           =====                   =======         ======
           __memclr                00001FCE 
               non_banked function
    -------------------------------------------------------------------------
CODE
  Relative segment, address: CODE 00001FDA - 00001FE5 (c bytes), align: 1
  Segment part 9.             Intra module refs:   __segment_init
           ENTRY                   ADDRESS         REF BY
           =====                   =======         ======
           __flashcpy              00001FDA 
               non_banked function
    -------------------------------------------------------------------------
CODE
  Relative segment, address: CODE 00001FE6 - 00002019 (34 bytes), align: 1
           ENTRY                   ADDRESS         REF BY
           =====                   =======         ======
           __segment_init          00001FE6        ?need_segment_init (?C_STARTUP)
               non_banked function
               calls direct
               stack 1 = 00000000 ( 00000002 )
    -------------------------------------------------------------------------
INITTAB
  Relative segment, address: CODE 00000179, align: 0
  Segment part 3.             Intra module refs:   __segment_init
           ENTRY                   ADDRESS         REF BY
           =====                   =======         ======
           ?<Segment part INITTAB>
                                   00000179 

    -------------------------------------------------------------------------
  LIBRARY MODULE, NAME : ?__exit

  SEGMENTS IN THE MODULE
  ======================
CODE
  Relative segment, address: CODE 0000201A - 0000201F (6 bytes), align: 1
           ENTRY                   ADDRESS         REF BY
           =====                   =======         ======
           __exit                  0000201C 
           ?C_EXIT                 0000201C 
           ?C_FUNCALL              0000201A 
           _exit                   0000201A        ?cstartup_call_main (?C_STARTUP)
           exit                    0000201A        ?cstartup_call_main (?C_STARTUP)

    -------------------------------------------------------------------------
  LIBRARY MODULE, NAME : ?_small_write

  SEGMENTS IN THE MODULE
  ======================
CODE
  Relative segment, address: CODE 00002020 - 00002223 (204 bytes), align: 1
           ENTRY                   ADDRESS         REF BY
                              - Cross-reference -                      Page   35

           =====                   =======         ======
           _small_write            00002020        printf (?printf)
               non_banked function
               calls indirect
               stack 1 = 00000000 ( 00000002 )
               stack 2 = 00000000 ( 00000016 )

    *************************************************************************

  DEFINED ABSOLUTE ENTRIES
  PROGRAM MODULE, NAME : ?FILLER_BYTES

  SEGMENTS IN THE MODULE
  ======================
INTVEC
  Common segment, address: CODE 00000000 - 0000003F (40 bytes), align: 0
    -------------------------------------------------------------------------
?FILL1
  Relative segment, address: CODE 00000040 - 00000053 (14 bytes), align: 0
  Segment part 0.



                ****************************************
                *                                      *
                *      SEGMENTS IN ADDRESS ORDER       *
                *                                      *
                ****************************************


SEGMENT              SPACE   START ADDRESS    END ADDRESS      SIZE  TYPE  ALIGN
=======              =====   =============    ===========      ====  ====  =====
INTVEC               CODE         00000000 - 0000003F            40   com    1
?FILL1               CODE         00000040 - 00000053            14   rel    0
TINY_F               CODE              00000054                       dse    0
NEAR_F               CODE         00000054 - 0000016C           119   rel    1
SWITCH               CODE              0000016D                       dse    0
INITTAB              CODE         0000016D - 00000178             C   rel    0
FAR_F                CODE              00000179                       dse    0
DIFUNCT              CODE              00000179                       dse    0
HUGE_F               CODE              00000179                       dse    0
TINY_ID              CODE              00000179                       dse    0
CHECKSUM             CODE              00000179                       dse    0
CODE                 CODE         0000017A - 00002223          20AA   rel    1
NEAR_ID              CODE         00002224 - 00002260            3D   rel    0
NEAR_C               DATA              00000000                       dse    0
ABSOLUTE (ABS)       DATA         00000029 - 00000029             1   rel    0
                     DATA         0000002A - 0000002A             1 
                     DATA         0000002B - 0000002B             1 
                     DATA         0000002C - 0000002C             1 
                     DATA         0000002D - 0000002D             1 
                     DATA         0000002E - 0000002E             1 
                     DATA         0000002F - 0000002F             1 
                     DATA         00000030 - 00000030             1 
                     DATA         00000031 - 00000031             1 
                     DATA         00000032 - 00000032             1 
                     DATA         00000033 - 00000033             1 
                     DATA         00000034 - 00000034             1 
                     DATA         00000035 - 00000035             1 
                     DATA         00000037 - 00000037             1 
                     DATA         00000038 - 00000038             1 
                     DATA         0000003A - 0000003A             1 
                     DATA         0000003B - 0000003B             1 
                     DATA         00000040 - 00000040             1 
                     DATA         00000050 - 00000050             1 
                     DATA         00000052 - 00000052             1 
                     DATA         00000053 - 00000053             1 
                     DATA         00000059 - 00000059             1 
TINY_N               DATA              00000060                       dse    0
TINY_I               DATA              00000060                       dse    0
TINY_Z               DATA              00000060                       dse    0
CSTACK               DATA         00000060 - 000000AF            50   dse    0
HEAP                 DATA              000000B0                       dse    0
RSTACK               DATA         000000B0 - 000000EB            3C   dse    0
NEAR_I               DATA         000000EC - 00000128            3D   rel    0
NEAR_Z               DATA         00000129 - 0000028D           165   rel    0
NEAR_N               DATA              0000028E                       dse    0
EEPROM_I             XDATA             00000001                       dse    0
                              - Cross-reference -                      Page   36

EEPROM_N             XDATA             00000001                       dse    0

                ****************************************
                *                                      *
                *        END OF CROSS REFERENCE        *
                *                                      *
                ****************************************

 8 780 bytes of CODE memory (20 range fill)
   580 bytes of DATA memory

Errors: none
Warnings: none

