                                  - Vec_prm -                         Page    1

###############################################################################
#                                                                             #
#     IAR Systems AVR Assembler V2.25B/WIN 28/Jul/2002  23:21:01              #
#     Copyright 1999 IAR Systems. All rights reserved.                        #
#                                                                             #
#           Target option =  Relative jumps do not wrap                       #
#           Source file   =  C:\AVR_CC\MiniRobot_CODE\Vec_prm.S90             #
#           List file     =  C:\AVR_CC\MiniRobot_CODE\Debug\List\Vec_prm.lst  #
#           Object file   =  C:\AVR_CC\MiniRobot_CODE\Debug\Obj\Vec_prm.r90   #
#           Command line  =  -v3 -OC:\AVR_CC\MiniRobot_CODE\Debug\Obj\ -s+    #
#                            -w+ -r -IC:\AVR_CC\AVR\inc\ -M<>                 #
#                            -LC:\AVR_CC\MiniRobot_CODE\Debug\List\ -cAOM -i  #
#                            -B -p80 -t8                                      #
#                            C:\AVR_CC\MiniRobot_CODE\Vec_prm.S90             #
#                                                                             #
###############################################################################

      1    00000004                        NAME  vec_04
      2    00000004               
      3    00000004                        org 04
      4    00000004               _VEC04:
      5    00000004 0000                   NOP
      6    00000006 9518                   RETI
      7    00000008               
      8    00000008                        END
##############################
#          CRC:E39B          #
#        Errors:   0         #
#        Warnings: 0         #
#          Bytes: 4          #
##############################



