################################################################################
#                                                                              #
#      IAR Universal Linker V4.53B/WIN                                         #
#                                                                              #
#           Link time     =  24/Aug/2002  13:53:00                             #
#           Target CPU    =  A90                                               #
#           List file     =  C:\AVR_CC\UART_MOD\Debug\List\UART0_STR.map       #
#           Output file 1 =  C:\AVR_CC\UART_MOD\Debug\Exe\UART0_STR.hex        #
#                            Format: intel-standard                            #
#           Command line  =  C:\AVR_CC\MyLib\Debug\Obj\putchar.r90             #
#                            C:\AVR_CC\UART_MOD\Debug\Obj\uartintr.r90         #
#                            C:\AVR_CC\AVR\lib\cl3s-ec-sf.r90 -o               #
#                            C:\AVR_CC\UART_MOD\Debug\Exe\UART0_STR.hex        #
#                            -Fintel-standard -l                               #
#                            C:\AVR_CC\UART_MOD\Debug\List\UART0_STR.map       #
#                            -xms -IC:\AVR_CC\AVR\LIB\ -f                      #
#                            C:\AVR_CC\AVR\src\template\cfgm161.xcl            #
#                            (-D_..X_INTVEC_SIZE=54 -D_..X_FLASH_NEND=3FFF     #
#                            -D_..X_FLASH_END=3FFF -D_..X_SRAM_BASE=60         #
#                            -D_..X_SRAM_TEND=FF -D_..X_SRAM_END=45F           #
#                            -D_..X_EEPROM_END=1FF) -D_..X_HEAP_SIZE=10        #
#                            -D_..X_CSTACK_SIZE=20 -D_..X_RSTACK_SIZE=20       #
#                            -e_small_write=_formatted_write                   #
#                            -e_medium_read=_formatted_read -f                 #
#                            C:\AVR_CC\AVR\src\template\cfg3s.xcl (-ca90       #
#                            -w29 -Z(CODE)INTVEC=0-(_..X_INTVEC_SIZE-1)        #
#                            -Z(CODE)TINY_F=_..X_FLASH_BASE-FF                 #
#                            -Z(CODE)NEAR_F=_..X_FLASH_BASE-_..X_FLASH_NEND    #
#                            -Z(CODE)SWITCH=_..X_FLASH_BASE-_..X_FLASH_NEND    #
#                            -Z(CODE)INITTAB=_..X_FLASH_BASE-_..X_FLASH_NEND   #
#                            -Z(CODE)DIFUNCT=_..X_FLASH_BASE-_..X_FLASH_NEND   #
#                            -Z(CODE)CODE=_..X_FLASH_BASE-_..X_FLASH_END       #
#                            -Z(CODE)FAR_F=[_..X_FLASH_BASE-_..X_FLASH_END]/10 #
#                            000                                               #
#                            -Z(CODE)HUGE_F=_..X_FLASH_BASE-_..X_FLASH_END     #
#                            -Z(CODE)TINY_ID=_..X_FLASH_BASE-_..X_FLASH_END    #
#                            -Z(CODE)NEAR_ID=_..X_FLASH_BASE-_..X_FLASH_END    #
#                            -Z(CODE)CHECKSUM=_..X_FLASH_BASE-_..X_FLASH_END   #
#                            -Z(DATA)TINY_I,TINY_Z,TINY_N=_..X_SRAM_BASE-_..X_ #
#                            SRAM_TEND                                         #
#                            -Z(DATA)CSTACK+_..X_CSTACK_SIZE=_..X_SRAM_BASE-_. #
#                            .X_SRAM_END,_..X_EXT_CSTACK_BASE-_..X_EXT_CSTACK_ #
#                            END                                               #
#                            -Z(DATA)HEAP+_..X_HEAP_SIZE=_..X_SRAM_BASE-_..X_S #
#                            RAM_END,_..X_EXT_SRAM_BASE-_..X_EXT_SRAM_END      #
#                            -Z(DATA)RSTACK+_..X_RSTACK_SIZE=_..X_SRAM_BASE-_. #
#                            .X_SRAM_END,_..X_EXT_RSTACK_BASE-_..X_EXT_RSTACK_ #
#                            END                                               #
#                            -Z(DATA)NEAR_I,NEAR_Z=_..X_SRAM_BASE-_..X_SRAM_EN #
#                            D,_..X_EXT_SRAM_BASE-_..X_EXT_SRAM_END            #
#                            -Z(DATA)NEAR_C=_..X_EXT_ROM_BASE-_..X_EXT_ROM_END #
#                            -Z(DATA)NEAR_N=_..X_EXT_NV_BASE-_..X_EXT_NV_END   #
#                            -Z(XDATA)EEPROM_I,EEPROM_N=1-_..X_EEPROM_END)     #
#                            -D_..X_FLASH_BASE=_..X_INTVEC_SIZE -H1895         #
#                            -h(CODE)0-(_..X_INTVEC_SIZE-1)                    #
#                            -D_..X_EXT_SRAM_BASE=0 -D_..X_EXT_SRAM_END=0      #
#                            -D_..X_EXT_ROM_BASE=0 -D_..X_EXT_ROM_END=0        #
#                            -D_..X_EXT_NV_BASE=_..X_SRAM_BASE                 #
#                            -D_..X_EXT_NV_END=_..X_SRAM_END                   #
#                            -D_..X_EXT_CSTACK_BASE=_..X_SRAM_BASE             #
#                            -D_..X_EXT_CSTACK_END=_..X_SRAM_BASE              #
#                            -D_..X_EXT_RSTACK_BASE=_..X_SRAM_BASE             #
#                            -D_..X_EXT_RSTACK_END=_..X_SRAM_BASE              #
#                                                                              #
#                        Copyright 1987-2001 IAR Systems. All rights reserved. #
################################################################################





                ****************************************
                *                                      *
                *           CROSS REFERENCE            *
                *                                      *
                ****************************************

                  There are no program entries.




                ****************************************
                *                                      *
                *            RUNTIME MODEL             *
                *                                      *
                ****************************************

  R10             = REG
  R11             = REG
  R12             = REG
  R13             = REG
  R14             = REG
  R15             = REG
  R4              = REG
  R5              = REG
  R6              = REG
  R7              = REG
  R8              = REG
  R9              = REG
  __64bit_doubles = disabled
  __cpu           = 3
  __cpu_name      = AT90Mega161
  __enhanced_core = enabled
  __has_elpm      = false
  __memory_model  = 2
  __rt_version    = 2.30



                ****************************************
                *                                      *
                *              MODULE MAP              *
                *                                      *
                ****************************************


  DEFINED ABSOLUTE ENTRIES
  PROGRAM MODULE, NAME : ?ABS_ENTRY_MOD

Absolute parts
           ENTRY                   ADDRESS         REF BY
           =====                   =======         ======
           _..X_EXT_RSTACK_END     00000060 
           _..X_EXT_RSTACK_BASE    00000060 
           _..X_EXT_CSTACK_END     00000060 
           _..X_EXT_CSTACK_BASE    00000060 
           _..X_EXT_NV_END         0000045F 
           _..X_EXT_NV_BASE        00000060 
           _..X_EXT_ROM_END        00000000 
           _..X_EXT_ROM_BASE       00000000 
           _..X_EXT_SRAM_END       00000000 
           _..X_EXT_SRAM_BASE      00000000 
           _..X_FLASH_BASE         00000054 
           _..X_RSTACK_SIZE        00000020 
           _..X_CSTACK_SIZE        00000020 
           _..X_HEAP_SIZE          00000010 
           _..X_EEPROM_END         000001FF 
           _..X_SRAM_END           0000045F 
           _..X_SRAM_TEND          000000FF 
           _..X_SRAM_BASE          00000060 
           _..X_FLASH_END          00003FFF 
           _..X_FLASH_NEND         00003FFF 
           _..X_INTVEC_SIZE        00000054 
    *************************************************************************

  FILE NAME : C:\AVR_CC\MyLib\Debug\Obj\putchar.r90
  LIBRARY MODULE, NAME : putchar

  SEGMENTS IN THE MODULE
  ======================
ABSOLUTE (ABS)
  Relative segment, address: DATA 0000003A - 0000003A (1 bytes), align: 0
           ENTRY                   ADDRESS         REF BY
           =====                   =======         ======
           _A_DDRA                 0000003A 
    -------------------------------------------------------------------------
ABSOLUTE (ABS)
  Relative segment, address: DATA 0000003B - 0000003B (1 bytes), align: 0
           ENTRY                   ADDRESS         REF BY
           =====                   =======         ======
           _A_PORTA                0000003B 
    -------------------------------------------------------------------------
CODE
  Relative segment, address: CODE 00000060 - 00000067 (8 bytes), align: 1
           ENTRY                   ADDRESS         REF BY
           =====                   =======         ======
           putchar                 00000060        put_one_char (?printf)
               non_banked function

    *************************************************************************

  FILE NAME : C:\AVR_CC\UART_MOD\Debug\Obj\uartintr.r90
  PROGRAM MODULE, NAME : uartintr

  SEGMENTS IN THE MODULE
  ======================
ABSOLUTE (ABS)
  Relative segment, address: DATA 00000029 - 00000029 (1 bytes), align: 0
           ENTRY                   ADDRESS         REF BY
           =====                   =======         ======
           _A_UBRR0                00000029 
    -------------------------------------------------------------------------
ABSOLUTE (ABS)
  Relative segment, address: DATA 0000002A - 0000002A (1 bytes), align: 0
           ENTRY                   ADDRESS         REF BY
           =====                   =======         ======
           _A_UCSR0B               0000002A 
    -------------------------------------------------------------------------
ABSOLUTE (ABS)
  Relative segment, address: DATA 0000002C - 0000002C (1 bytes), align: 0
           ENTRY                   ADDRESS         REF BY
           =====                   =======         ======
           _A_UDR0                 0000002C 
    -------------------------------------------------------------------------
NEAR_Z
  Relative segment, address: DATA 000000A5 - 00000124 (80 bytes), align: 0
  Segment part 13.            Intra module refs:   ReceiveByte
                                                   UART0_RX
           LOCAL                   ADDRESS         
           =====                   =======         
           UART0_RxBuf             000000A5 
    -------------------------------------------------------------------------
NEAR_Z
  Relative segment, address: DATA 00000125 - 00000125 (1 bytes), align: 0
  Segment part 15.            Intra module refs:   InitUART0
                                                   ReceiveByte
                                                   UART0_RX
           LOCAL                   ADDRESS         
           =====                   =======         
           UART0_RxHead            00000125 
    -------------------------------------------------------------------------
NEAR_Z
  Relative segment, address: DATA 00000126 - 00000126 (1 bytes), align: 0
  Segment part 16.            Intra module refs:   InitUART0
                                                   ReceiveByte
                                                   UART0_RX
           LOCAL                   ADDRESS         
           =====                   =======         
           UART0_RxTail            00000126 
    -------------------------------------------------------------------------
NEAR_Z
  Relative segment, address: DATA 00000127 - 000001A6 (80 bytes), align: 0
  Segment part 17.            Intra module refs:   TransmitByte
                                                   UART0_UDRE
           LOCAL                   ADDRESS         
           =====                   =======         
           UART0_TxBuf             00000127 
    -------------------------------------------------------------------------
NEAR_Z
  Relative segment, address: DATA 000001A7 - 000001A7 (1 bytes), align: 0
  Segment part 18.            Intra module refs:   InitUART0
                                                   TransmitByte
                                                   UART0_UDRE
           LOCAL                   ADDRESS         
           =====                   =======         
           UART0_TxHead            000001A7 
    -------------------------------------------------------------------------
NEAR_Z
  Relative segment, address: DATA 000001A8 - 000001A8 (1 bytes), align: 0
  Segment part 19.            Intra module refs:   InitUART0
                                                   TransmitByte
                                                   UART0_UDRE
           LOCAL                   ADDRESS         
           =====                   =======         
           UART0_TxTail            000001A8 
    -------------------------------------------------------------------------
CODE
  Relative segment, address: CODE 00000068 - 00000081 (1a bytes), align: 1
  Segment part 20.            Intra module refs:   main
           ENTRY                   ADDRESS         REF BY
           =====                   =======         ======
           InitUART0               00000068 
               non_banked function
    -------------------------------------------------------------------------
CODE
  Relative segment, address: CODE 00000082 - 000000E5 (64 bytes), align: 1
  Segment part 21.            Intra module refs:   Segment part 4
           LOCAL                   ADDRESS         
           =====                   =======         
           UART0_RX                00000082 
               interrupt, non_banked function
               stack 1 = 00000000 ( 00000008 )
    -------------------------------------------------------------------------
CODE
  Relative segment, address: CODE 000000E6 - 00000153 (6e bytes), align: 1
  Segment part 22.            Intra module refs:   Segment part 5
           LOCAL                   ADDRESS         
           =====                   =======         
           UART0_UDRE              000000E6 
               interrupt, non_banked function
               stack 1 = 00000000 ( 00000005 )
    -------------------------------------------------------------------------
CODE
  Relative segment, address: CODE 00000154 - 00000177 (24 bytes), align: 1
  Segment part 23.            Intra module refs:   main
           ENTRY                   ADDRESS         REF BY
           =====                   =======         ======
           ReceiveByte             00000154 
               non_banked function
    -------------------------------------------------------------------------
CODE
  Relative segment, address: CODE 00000178 - 00000199 (22 bytes), align: 1
  Segment part 24.            Intra module refs:   main
           ENTRY                   ADDRESS         REF BY
           =====                   =======         ======
           TransmitByte            00000178 
               non_banked function
    -------------------------------------------------------------------------
CODE
  Relative segment, address: CODE 0000019A - 000001DD (44 bytes), align: 1
           ENTRY                   ADDRESS         REF BY
           =====                   =======         ======
           main                    0000019A        ?cstartup_call_main (?C_STARTUP)
               non_banked function
               calls direct
               stack 1 = 00000000 ( 00000007 )
               stack 2 = 00000000 ( 00000002 )
    -------------------------------------------------------------------------
INTVEC
  Common segment, address: CODE 00000000 - 00000037 (38 bytes), align: 1
    -------------------------------------------------------------------------
INTVEC
  Common segment, address: CODE 00000000 - 0000003F (40 bytes), align: 1
    -------------------------------------------------------------------------
NEAR_I
  Relative segment, address: DATA 000000A0 - 000000A1 (2 bytes), align: 0
  Segment part 8.             Intra module refs:   main
    -------------------------------------------------------------------------
NEAR_ID
  Relative segment, address: CODE 00000524 - 00000525 (2 bytes), align: 0
  Segment part 9.             Intra module refs:   Segment part 8
    -------------------------------------------------------------------------
INITTAB
  Relative segment, address: CODE 00000054 - 00000059 (6 bytes), align: 0
  Segment part 10.            Intra module refs:   Segment part 11
                                                   Segment part 8
           ENTRY                   ADDRESS         REF BY
           =====                   =======         ======
           ?<Segment init: NEAR_I>
                                   00000054 
    -------------------------------------------------------------------------
NEAR_I
  Relative segment, address: DATA 000000A2 - 000000A4 (3 bytes), align: 0
  Segment part 11.            Intra module refs:   main
    -------------------------------------------------------------------------
NEAR_ID
  Relative segment, address: CODE 00000526 - 00000528 (3 bytes), align: 0
  Segment part 12.            Intra module refs:   Segment part 11
    -------------------------------------------------------------------------
INITTAB
  Relative segment, address: CODE 0000005A - 0000005F (6 bytes), align: 0
  Segment part 14.            Intra module refs:   UART0_RxBuf
                                                   UART0_RxHead
                                                   UART0_RxTail
                                                   UART0_TxBuf
                                                   UART0_TxHead
                                                   UART0_TxTail
           ENTRY                   ADDRESS         REF BY
           =====                   =======         ======
           ?<Segment init: NEAR_Z>
                                   0000005A 

    *************************************************************************

  FILE NAME : C:\AVR_CC\AVR\lib\cl3s-ec-sf.r90
  PROGRAM MODULE, NAME : ?RESET

  SEGMENTS IN THE MODULE
  ======================
INTVEC
  Common segment, address: CODE 00000000 - 00000003 (4 bytes), align: 1
  Segment part 0. ROOT.
    -------------------------------------------------------------------------
  LIBRARY MODULE, NAME : ?C_STARTUP

  SEGMENTS IN THE MODULE
  ======================
CODE
  Relative segment, address: CODE 000001DE, align: 1
           ENTRY                   ADDRESS         REF BY
           =====                   =======         ======
           ?C_STARTUP              000001DE        Segment part 0 (?RESET)
           __RESTART               000001DE 
    -------------------------------------------------------------------------
CODE
  Relative segment, address: CODE 000001DE - 000001ED (10 bytes), align: 1
  Segment part 4.             Intra module refs:   ?C_STARTUP
    -------------------------------------------------------------------------
CODE
  Relative segment, address: CODE 000001EE - 000001F1 (4 bytes), align: 1
  Segment part 6.             Intra module refs:   Segment part 4
           ENTRY                   ADDRESS         REF BY
           =====                   =======         ======
           ?call_low_level_init    000001EE 
    -------------------------------------------------------------------------
CODE
  Relative segment, address: CODE 000001F2 - 000001F9 (8 bytes), align: 1
           ENTRY                   ADDRESS         REF BY
           =====                   =======         ======
           ?need_segment_init      000001F2        ?<Segment init: NEAR_I> (uartintr)
                                                   ?<Segment init: NEAR_Z> (uartintr)
    -------------------------------------------------------------------------
CODE
  Relative segment, address: CODE 000001FA - 00000209 (10 bytes), align: 1
  Segment part 8.             Intra module refs:   ?call_low_level_init
           ENTRY                   ADDRESS         REF BY
           =====                   =======         ======
           ?cstartup_call_main     000001FA 

    -------------------------------------------------------------------------
  LIBRARY MODULE, NAME : ?UL_DIVMOD_L03

  SEGMENTS IN THE MODULE
  ======================
CODE
  Relative segment, address: CODE 0000020A - 00000255 (4c bytes), align: 1
           ENTRY                   ADDRESS         REF BY
           =====                   =======         ======
           ?UL_DIVMOD_L03          0000020A        _small_write (?_small_write)

    -------------------------------------------------------------------------
  LIBRARY MODULE, NAME : ?PROLOGUE_L09

  SEGMENTS IN THE MODULE
  ======================
CODE
  Relative segment, address: CODE 00000256 - 00000257 (2 bytes), align: 1
           ENTRY                   ADDRESS         REF BY
           =====                   =======         ======
           ?PROLOGUE16_L09         00000256        _small_write (?_small_write)
    -------------------------------------------------------------------------
CODE
  Relative segment, address: CODE 00000258 - 00000259 (2 bytes), align: 1
  Segment part 1.             Intra module refs:   ?PROLOGUE16_L09
           ENTRY                   ADDRESS         REF BY
           =====                   =======         ======
           ?PROLOGUE15_L09         00000258 
    -------------------------------------------------------------------------
CODE
  Relative segment, address: CODE 0000025A - 0000025B (2 bytes), align: 1
  Segment part 2.             Intra module refs:   ?PROLOGUE15_L09
           ENTRY                   ADDRESS         REF BY
           =====                   =======         ======
           ?PROLOGUE14_L09         0000025A 
    -------------------------------------------------------------------------
CODE
  Relative segment, address: CODE 0000025C - 0000025D (2 bytes), align: 1
  Segment part 3.             Intra module refs:   ?PROLOGUE14_L09
           ENTRY                   ADDRESS         REF BY
           =====                   =======         ======
           ?PROLOGUE13_L09         0000025C 
    -------------------------------------------------------------------------
CODE
  Relative segment, address: CODE 0000025E - 0000025F (2 bytes), align: 1
  Segment part 4.             Intra module refs:   ?PROLOGUE13_L09
           ENTRY                   ADDRESS         REF BY
           =====                   =======         ======
           ?PROLOGUE12_L09         0000025E 
    -------------------------------------------------------------------------
CODE
  Relative segment, address: CODE 00000260 - 00000261 (2 bytes), align: 1
  Segment part 5.             Intra module refs:   ?PROLOGUE12_L09
           ENTRY                   ADDRESS         REF BY
           =====                   =======         ======
           ?PROLOGUE11_L09         00000260 
    -------------------------------------------------------------------------
CODE
  Relative segment, address: CODE 00000262 - 00000263 (2 bytes), align: 1
  Segment part 6.             Intra module refs:   ?PROLOGUE11_L09
           ENTRY                   ADDRESS         REF BY
           =====                   =======         ======
           ?PROLOGUE10_L09         00000262 
    -------------------------------------------------------------------------
CODE
  Relative segment, address: CODE 00000264 - 00000265 (2 bytes), align: 1
  Segment part 7.             Intra module refs:   ?PROLOGUE10_L09
           ENTRY                   ADDRESS         REF BY
           =====                   =======         ======
           ?PROLOGUE9_L09          00000264 
    -------------------------------------------------------------------------
CODE
  Relative segment, address: CODE 00000266 - 00000267 (2 bytes), align: 1
  Segment part 8.             Intra module refs:   ?PROLOGUE9_L09
           ENTRY                   ADDRESS         REF BY
           =====                   =======         ======
           ?PROLOGUE8_L09          00000266 
    -------------------------------------------------------------------------
CODE
  Relative segment, address: CODE 00000268 - 00000269 (2 bytes), align: 1
  Segment part 9.             Intra module refs:   ?PROLOGUE8_L09
           ENTRY                   ADDRESS         REF BY
           =====                   =======         ======
           ?PROLOGUE7_L09          00000268 
    -------------------------------------------------------------------------
CODE
  Relative segment, address: CODE 0000026A - 0000026B (2 bytes), align: 1
  Segment part 10.            Intra module refs:   ?PROLOGUE7_L09
           ENTRY                   ADDRESS         REF BY
           =====                   =======         ======
           ?PROLOGUE6_L09          0000026A 
    -------------------------------------------------------------------------
CODE
  Relative segment, address: CODE 0000026C - 0000026D (2 bytes), align: 1
  Segment part 11.            Intra module refs:   ?PROLOGUE6_L09
           ENTRY                   ADDRESS         REF BY
           =====                   =======         ======
           ?PROLOGUE5_L09          0000026C 
    -------------------------------------------------------------------------
CODE
  Relative segment, address: CODE 0000026E - 0000026F (2 bytes), align: 1
  Segment part 12.            Intra module refs:   ?PROLOGUE5_L09
           ENTRY                   ADDRESS         REF BY
           =====                   =======         ======
           ?PROLOGUE4_L09          0000026E 
    -------------------------------------------------------------------------
CODE
  Relative segment, address: CODE 00000270 - 00000271 (2 bytes), align: 1
  Segment part 13.            Intra module refs:   ?PROLOGUE4_L09
           ENTRY                   ADDRESS         REF BY
           =====                   =======         ======
           ?PROLOGUE3_L09          00000270 
    -------------------------------------------------------------------------
CODE
  Relative segment, address: CODE 00000272 - 00000273 (2 bytes), align: 1
  Segment part 14.            Intra module refs:   ?PROLOGUE3_L09
           ENTRY                   ADDRESS         REF BY
           =====                   =======         ======
           ?PROLOGUE2_L09          00000272 
    -------------------------------------------------------------------------
CODE
  Relative segment, address: CODE 00000274 - 00000275 (2 bytes), align: 1
  Segment part 15.            Intra module refs:   ?PROLOGUE2_L09
           ENTRY                   ADDRESS         REF BY
           =====                   =======         ======
           ?PROLOGUE1_L09          00000274 
    -------------------------------------------------------------------------
CODE
  Relative segment, address: CODE 00000276 - 00000277 (2 bytes), align: 1
  Segment part 16.            Intra module refs:   ?PROLOGUE1_L09

    -------------------------------------------------------------------------
  LIBRARY MODULE, NAME : ?EPILOGUE_B_L09

  SEGMENTS IN THE MODULE
  ======================
CODE
  Relative segment, address: CODE 00000278 - 00000279 (2 bytes), align: 1
           ENTRY                   ADDRESS         REF BY
           =====                   =======         ======
           ?EPILOGUE_B16_L09       00000278        _small_write (?_small_write)
    -------------------------------------------------------------------------
CODE
  Relative segment, address: CODE 0000027A - 0000027B (2 bytes), align: 1
  Segment part 1.             Intra module refs:   ?EPILOGUE_B16_L09
           ENTRY                   ADDRESS         REF BY
           =====                   =======         ======
           ?EPILOGUE_B15_L09       0000027A 
    -------------------------------------------------------------------------
CODE
  Relative segment, address: CODE 0000027C - 0000027D (2 bytes), align: 1
  Segment part 2.             Intra module refs:   ?EPILOGUE_B15_L09
           ENTRY                   ADDRESS         REF BY
           =====                   =======         ======
           ?EPILOGUE_B14_L09       0000027C 
    -------------------------------------------------------------------------
CODE
  Relative segment, address: CODE 0000027E - 0000027F (2 bytes), align: 1
  Segment part 3.             Intra module refs:   ?EPILOGUE_B14_L09
           ENTRY                   ADDRESS         REF BY
           =====                   =======         ======
           ?EPILOGUE_B13_L09       0000027E 
    -------------------------------------------------------------------------
CODE
  Relative segment, address: CODE 00000280 - 00000281 (2 bytes), align: 1
  Segment part 4.             Intra module refs:   ?EPILOGUE_B13_L09
           ENTRY                   ADDRESS         REF BY
           =====                   =======         ======
           ?EPILOGUE_B12_L09       00000280 
    -------------------------------------------------------------------------
CODE
  Relative segment, address: CODE 00000282 - 00000283 (2 bytes), align: 1
  Segment part 5.             Intra module refs:   ?EPILOGUE_B12_L09
           ENTRY                   ADDRESS         REF BY
           =====                   =======         ======
           ?EPILOGUE_B11_L09       00000282 
    -------------------------------------------------------------------------
CODE
  Relative segment, address: CODE 00000284 - 00000285 (2 bytes), align: 1
  Segment part 6.             Intra module refs:   ?EPILOGUE_B11_L09
           ENTRY                   ADDRESS         REF BY
           =====                   =======         ======
           ?EPILOGUE_B10_L09       00000284 
    -------------------------------------------------------------------------
CODE
  Relative segment, address: CODE 00000286 - 00000287 (2 bytes), align: 1
  Segment part 7.             Intra module refs:   ?EPILOGUE_B10_L09
           ENTRY                   ADDRESS         REF BY
           =====                   =======         ======
           ?EPILOGUE_B9_L09        00000286 
    -------------------------------------------------------------------------
CODE
  Relative segment, address: CODE 00000288 - 00000289 (2 bytes), align: 1
  Segment part 8.             Intra module refs:   ?EPILOGUE_B9_L09
           ENTRY                   ADDRESS         REF BY
           =====                   =======         ======
           ?EPILOGUE_B8_L09        00000288 
    -------------------------------------------------------------------------
CODE
  Relative segment, address: CODE 0000028A - 0000028B (2 bytes), align: 1
  Segment part 9.             Intra module refs:   ?EPILOGUE_B8_L09
           ENTRY                   ADDRESS         REF BY
           =====                   =======         ======
           ?EPILOGUE_B7_L09        0000028A 
    -------------------------------------------------------------------------
CODE
  Relative segment, address: CODE 0000028C - 0000028D (2 bytes), align: 1
  Segment part 10.            Intra module refs:   ?EPILOGUE_B7_L09
           ENTRY                   ADDRESS         REF BY
           =====                   =======         ======
           ?EPILOGUE_B6_L09        0000028C 
    -------------------------------------------------------------------------
CODE
  Relative segment, address: CODE 0000028E - 0000028F (2 bytes), align: 1
  Segment part 11.            Intra module refs:   ?EPILOGUE_B6_L09
           ENTRY                   ADDRESS         REF BY
           =====                   =======         ======
           ?EPILOGUE_B5_L09        0000028E 
    -------------------------------------------------------------------------
CODE
  Relative segment, address: CODE 00000290 - 00000291 (2 bytes), align: 1
  Segment part 12.            Intra module refs:   ?EPILOGUE_B5_L09
           ENTRY                   ADDRESS         REF BY
           =====                   =======         ======
           ?EPILOGUE_B4_L09        00000290 
    -------------------------------------------------------------------------
CODE
  Relative segment, address: CODE 00000292 - 00000293 (2 bytes), align: 1
  Segment part 13.            Intra module refs:   ?EPILOGUE_B4_L09
           ENTRY                   ADDRESS         REF BY
           =====                   =======         ======
           ?EPILOGUE_B3_L09        00000292 
    -------------------------------------------------------------------------
CODE
  Relative segment, address: CODE 00000294 - 00000295 (2 bytes), align: 1
  Segment part 14.            Intra module refs:   ?EPILOGUE_B3_L09
           ENTRY                   ADDRESS         REF BY
           =====                   =======         ======
           ?EPILOGUE_B2_L09        00000294 
    -------------------------------------------------------------------------
CODE
  Relative segment, address: CODE 00000296 - 00000297 (2 bytes), align: 1
  Segment part 15.            Intra module refs:   ?EPILOGUE_B2_L09
           ENTRY                   ADDRESS         REF BY
           =====                   =======         ======
           ?EPILOGUE_B1_L09        00000296 
    -------------------------------------------------------------------------
CODE
  Relative segment, address: CODE 00000298 - 000002A5 (e bytes), align: 1
  Segment part 16.            Intra module refs:   ?EPILOGUE_B1_L09
           ENTRY                   ADDRESS         REF BY
           =====                   =======         ======
           ?EPILOGUE_B0_L09        00000298 

    -------------------------------------------------------------------------
  LIBRARY MODULE, NAME : ?REGISTER_CGREGR4_L10

  SEGMENTS IN THE MODULE
  ======================
CODE
  Relative segment, address: CODE 000002A6, align: 1
           ENTRY                   ADDRESS         REF BY
           =====                   =======         ======
           ?Register_R4_is_cg_reg
                                   000002A6        _small_write (?_small_write)

    -------------------------------------------------------------------------
  LIBRARY MODULE, NAME : ?REGISTER_CGREGR5_L10

  SEGMENTS IN THE MODULE
  ======================
CODE
  Relative segment, address: CODE 000002A6, align: 1
           ENTRY                   ADDRESS         REF BY
           =====                   =======         ======
           ?Register_R5_is_cg_reg
                                   000002A6        _small_write (?_small_write)

    -------------------------------------------------------------------------
  LIBRARY MODULE, NAME : ?REGISTER_CGREGR6_L10

  SEGMENTS IN THE MODULE
  ======================
CODE
  Relative segment, address: CODE 000002A6, align: 1
           ENTRY                   ADDRESS         REF BY
           =====                   =======         ======
           ?Register_R6_is_cg_reg
                                   000002A6        _small_write (?_small_write)

    -------------------------------------------------------------------------
  LIBRARY MODULE, NAME : ?REGISTER_CGREGR7_L10

  SEGMENTS IN THE MODULE
  ======================
CODE
  Relative segment, address: CODE 000002A6, align: 1
           ENTRY                   ADDRESS         REF BY
           =====                   =======         ======
           ?Register_R7_is_cg_reg
                                   000002A6        _small_write (?_small_write)

    -------------------------------------------------------------------------
  LIBRARY MODULE, NAME : ?REGISTER_CGREGR8_L10

  SEGMENTS IN THE MODULE
  ======================
CODE
  Relative segment, address: CODE 000002A6, align: 1
           ENTRY                   ADDRESS         REF BY
           =====                   =======         ======
           ?Register_R8_is_cg_reg
                                   000002A6        _small_write (?_small_write)

    -------------------------------------------------------------------------
  LIBRARY MODULE, NAME : ?REGISTER_CGREGR9_L10

  SEGMENTS IN THE MODULE
  ======================
CODE
  Relative segment, address: CODE 000002A6, align: 1
           ENTRY                   ADDRESS         REF BY
           =====                   =======         ======
           ?Register_R9_is_cg_reg
                                   000002A6        _small_write (?_small_write)

    -------------------------------------------------------------------------
  LIBRARY MODULE, NAME : ?REGISTER_CGREGR10_L10

  SEGMENTS IN THE MODULE
  ======================
CODE
  Relative segment, address: CODE 000002A6, align: 1
           ENTRY                   ADDRESS         REF BY
           =====                   =======         ======
           ?Register_R10_is_cg_reg
                                   000002A6        _small_write (?_small_write)

    -------------------------------------------------------------------------
  LIBRARY MODULE, NAME : ?REGISTER_CGREGR11_L10

  SEGMENTS IN THE MODULE
  ======================
CODE
  Relative segment, address: CODE 000002A6, align: 1
           ENTRY                   ADDRESS         REF BY
           =====                   =======         ======
           ?Register_R11_is_cg_reg
                                   000002A6        _small_write (?_small_write)

    -------------------------------------------------------------------------
  LIBRARY MODULE, NAME : ?REGISTER_CGREGR12_L10

  SEGMENTS IN THE MODULE
  ======================
CODE
  Relative segment, address: CODE 000002A6, align: 1
           ENTRY                   ADDRESS         REF BY
           =====                   =======         ======
           ?Register_R12_is_cg_reg
                                   000002A6        _small_write (?_small_write)

    -------------------------------------------------------------------------
  LIBRARY MODULE, NAME : ?REGISTER_CGREGR13_L10

  SEGMENTS IN THE MODULE
  ======================
CODE
  Relative segment, address: CODE 000002A6, align: 1
           ENTRY                   ADDRESS         REF BY
           =====                   =======         ======
           ?Register_R13_is_cg_reg
                                   000002A6        _small_write (?_small_write)

    -------------------------------------------------------------------------
  LIBRARY MODULE, NAME : ?REGISTER_CGREGR14_L10

  SEGMENTS IN THE MODULE
  ======================
CODE
  Relative segment, address: CODE 000002A6, align: 1
           ENTRY                   ADDRESS         REF BY
           =====                   =======         ======
           ?Register_R14_is_cg_reg
                                   000002A6        _small_write (?_small_write)

    -------------------------------------------------------------------------
  LIBRARY MODULE, NAME : ?REGISTER_CGREGR15_L10

  SEGMENTS IN THE MODULE
  ======================
CODE
  Relative segment, address: CODE 000002A6, align: 1
           ENTRY                   ADDRESS         REF BY
           =====                   =======         ======
           ?Register_R15_is_cg_reg
                                   000002A6        _small_write (?_small_write)

    -------------------------------------------------------------------------
  LIBRARY MODULE, NAME : low_level_init

  SEGMENTS IN THE MODULE
  ======================
CODE
  Relative segment, address: CODE 000002A6 - 000002A9 (4 bytes), align: 1
           ENTRY                   ADDRESS         REF BY
           =====                   =======         ======
           __low_level_init        000002A6        ?call_low_level_init (?C_STARTUP)
               non_banked function

    -------------------------------------------------------------------------
  LIBRARY MODULE, NAME : ?printf

  SEGMENTS IN THE MODULE
  ======================
CODE
  Relative segment, address: CODE 000002AA - 000002AF (6 bytes), align: 1
  Segment part 3.             Intra module refs:   printf
           LOCAL                   ADDRESS         
           =====                   =======         
           put_one_char            000002AA 
               non_banked function
               calls direct
               stack 1 = 00000000 ( 00000000 )
               stack 2 = 00000000 ( 00000002 )
    -------------------------------------------------------------------------
CODE
  Relative segment, address: CODE 000002B0 - 000002CD (1e bytes), align: 1
           ENTRY                   ADDRESS         REF BY
           =====                   =======         ======
           printf                  000002B0        main (uartintr)
               non_banked function
               calls direct
               stack 1 = 00000000 ( 00000002 )
               stack 2 = 00000000 ( 00000002 )

    -------------------------------------------------------------------------
  LIBRARY MODULE, NAME : ?segment_init

  SEGMENTS IN THE MODULE
  ======================
CODE
  Relative segment, address: CODE 000002CE - 000002D9 (c bytes), align: 1
  Segment part 8.             Intra module refs:   __segment_init
           ENTRY                   ADDRESS         REF BY
           =====                   =======         ======
           __memclr                000002CE 
               non_banked function
    -------------------------------------------------------------------------
CODE
  Relative segment, address: CODE 000002DA - 000002E5 (c bytes), align: 1
  Segment part 9.             Intra module refs:   __segment_init
           ENTRY                   ADDRESS         REF BY
           =====                   =======         ======
           __flashcpy              000002DA 
               non_banked function
    -------------------------------------------------------------------------
CODE
  Relative segment, address: CODE 000002E6 - 00000319 (34 bytes), align: 1
           ENTRY                   ADDRESS         REF BY
           =====                   =======         ======
           __segment_init          000002E6        ?need_segment_init (?C_STARTUP)
               non_banked function
               calls direct
               stack 1 = 00000000 ( 00000000 )
               stack 2 = 00000000 ( 00000002 )
    -------------------------------------------------------------------------
INITTAB
  Relative segment, address: CODE 00000060, align: 0
  Segment part 3.             Intra module refs:   __segment_init
           ENTRY                   ADDRESS         REF BY
           =====                   =======         ======
           ?<Segment part INITTAB>
                                   00000060 

    -------------------------------------------------------------------------
  LIBRARY MODULE, NAME : ?__exit

  SEGMENTS IN THE MODULE
  ======================
CODE
  Relative segment, address: CODE 0000031A - 0000031F (6 bytes), align: 1
           ENTRY                   ADDRESS         REF BY
           =====                   =======         ======
           __exit                  0000031C 
           ?C_EXIT                 0000031C 
           ?C_FUNCALL              0000031A 
           _exit                   0000031A        ?cstartup_call_main (?C_STARTUP)
           exit                    0000031A        ?cstartup_call_main (?C_STARTUP)

    -------------------------------------------------------------------------
  LIBRARY MODULE, NAME : ?_small_write

  SEGMENTS IN THE MODULE
  ======================
CODE
  Relative segment, address: CODE 00000320 - 00000523 (204 bytes), align: 1
           ENTRY                   ADDRESS         REF BY
           =====                   =======         ======
           _small_write            00000320        printf (?printf)
               non_banked function
               calls indirect
               stack 1 = 00000000 ( 00000016 )
               stack 2 = 00000000 ( 00000002 )

    *************************************************************************

  DEFINED ABSOLUTE ENTRIES
  PROGRAM MODULE, NAME : ?FILLER_BYTES

  SEGMENTS IN THE MODULE
  ======================
INTVEC
  Common segment, address: CODE 00000000 - 0000003F (40 bytes), align: 0
    -------------------------------------------------------------------------
?FILL1
  Relative segment, address: CODE 00000040 - 00000053 (14 bytes), align: 0
  Segment part 0.



                ****************************************
                *                                      *
                *      SEGMENTS IN ADDRESS ORDER       *
                *                                      *
                ****************************************


SEGMENT              SPACE   START ADDRESS    END ADDRESS      SIZE  TYPE  ALIGN
=======              =====   =============    ===========      ====  ====  =====
INTVEC               CODE         00000000 - 0000003F            40   com    1
?FILL1               CODE         00000040 - 00000053            14   rel    0
SWITCH               CODE              00000054                       dse    0
NEAR_F               CODE              00000054                       dse    0
TINY_F               CODE              00000054                       dse    0
INITTAB              CODE         00000054 - 0000005F             C   rel    0
DIFUNCT              CODE              00000060                       dse    0
CODE                 CODE         00000060 - 00000523           4C4   rel    1
TINY_ID              CODE              00000524                       dse    0
FAR_F                CODE              00000524                       dse    0
HUGE_F               CODE              00000524                       dse    0
NEAR_ID              CODE         00000524 - 00000528             5   rel    0
CHECKSUM             CODE              00000529                       dse    0
NEAR_C               DATA              00000000                       dse    0
ABSOLUTE (ABS)       DATA         00000029 - 00000029             1   rel    0
                     DATA         0000002A - 0000002A             1 
                     DATA         0000002C - 0000002C             1 
                     DATA         0000003A - 0000003A             1 
                     DATA         0000003B - 0000003B             1 
TINY_N               DATA              00000060                       dse    0
TINY_I               DATA              00000060                       dse    0
TINY_Z               DATA              00000060                       dse    0
CSTACK               DATA         00000060 - 0000007F            20   dse    0
HEAP                 DATA              00000080                       dse    0
RSTACK               DATA         00000080 - 0000009F            20   dse    0
NEAR_I               DATA         000000A0 - 000000A4             5   rel    0
NEAR_Z               DATA         000000A5 - 000001A8           104   rel    0
NEAR_N               DATA              000001A9                       dse    0
EEPROM_I             XDATA             00000001                       dse    0
EEPROM_N             XDATA             00000001                       dse    0

                ****************************************
                *                                      *
                *        END OF CROSS REFERENCE        *
                *                                      *
                ****************************************

 1 301 bytes of CODE memory (20 range fill)
   334 bytes of DATA memory

Errors: none
Warnings: none

